<html>
<body>
<pre>
<h1>µVision Build Log</h1>
<h2>Tool Versions:</h2>
IDE-Version: µVision V5.33.0.0
Copyright (C) 2020 ARM Ltd and ARM Germany GmbH. All rights reserved.
License Information: Vadim Dmitriev, NSU, LIC=----
 
Tool Versions:
Toolchain:       MDK-Lite  Version: 5.33.0.0
Toolchain Path:  C:\Keil_v5\ARM\ARMCLANG\Bin
C Compiler:      ArmClang.exe V6.15
Assembler:       Armasm.exe V6.15
Linker/Locator:  ArmLink.exe V6.15
Library Manager: ArmAr.exe V6.15
Hex Converter:   FromElf.exe V6.15
CPU DLL:         SARMCM3.DLL V5.33.0.0
Dialog DLL:      DARMCM1.DLL V1.19.4.0
Target DLL:      STLink\ST-LINKIII-KEIL_SWO.dll V3.0.8.0
Dialog DLL:      TARMCM1.DLL V1.14.3.0
 
<h2>Project:</h2>
C:\Users\goglo\source\microVision repos\FirstProject\FirstProject.uvprojx
Project File Date:  05/23/2021

<h2>Output:</h2>
*** Using Compiler 'V6.15', folder: 'C:\Keil_v5\ARM\ARMCLANG\Bin'
Build target 'Target 1'
main.c(6): warning: In file included from...
./ADC.h(15): warning: no newline at end of file [-Wnewline-eof]
#endif
      ^
main.c(8): warning: In file included from...
./L3GD20.h(41): warning: no newline at end of file [-Wnewline-eof]
#endif
      ^
main.c(25): warning: no previous prototype for function 'setRightArrow' [-Wmissing-prototypes]
void setRightArrow(void)
     ^
main.c(25): note: declare 'static' if the function is not intended to be used outside of this translation unit
void setRightArrow(void)
^
static 
main.c(35): warning: no previous prototype for function 'setUpRightArrow' [-Wmissing-prototypes]
void setUpRightArrow(void)
     ^
main.c(35): note: declare 'static' if the function is not intended to be used outside of this translation unit
void setUpRightArrow(void)
^
static 
main.c(45): warning: no previous prototype for function 'setUpArrow' [-Wmissing-prototypes]
void setUpArrow(void)
     ^
main.c(45): note: declare 'static' if the function is not intended to be used outside of this translation unit
void setUpArrow(void)
^
static 
main.c(55): warning: no previous prototype for function 'setUpLeftArrow' [-Wmissing-prototypes]
void setUpLeftArrow(void)
     ^
main.c(55): note: declare 'static' if the function is not intended to be used outside of this translation unit
void setUpLeftArrow(void)
^
static 
main.c(65): warning: no previous prototype for function 'setLeftArrow' [-Wmissing-prototypes]
void setLeftArrow(void)
     ^
main.c(65): note: declare 'static' if the function is not intended to be used outside of this translation unit
void setLeftArrow(void)
^
static 
main.c(75): warning: no previous prototype for function 'setDownLeftArrow' [-Wmissing-prototypes]
void setDownLeftArrow(void)
     ^
main.c(75): note: declare 'static' if the function is not intended to be used outside of this translation unit
void setDownLeftArrow(void)
^
static 
main.c(85): warning: no previous prototype for function 'setDownArrow' [-Wmissing-prototypes]
void setDownArrow(void)
     ^
main.c(85): note: declare 'static' if the function is not intended to be used outside of this translation unit
void setDownArrow(void)
^
static 
main.c(95): warning: no previous prototype for function 'setDownRightArrow' [-Wmissing-prototypes]
void setDownRightArrow(void)
     ^
main.c(95): note: declare 'static' if the function is not intended to be used outside of this translation unit
void setDownRightArrow(void)
^
static 
main.c(116): warning: no previous prototype for function 'setSector' [-Wmissing-prototypes]
void setSector(int sector)
     ^
main.c(116): note: declare 'static' if the function is not intended to be used outside of this translation unit
void setSector(int sector)
^
static 
main.c(20): warning: unused function 'delay' [-Wunused-function]
static void delay(uint32_t ticks)
            ^
12 warnings generated.
compiling main.c...
linking...
Program Size: Code=1568 RO-data=224 RW-data=40 ZI-data=1656  
".\Objects\FirstProject.axf" - 0 Error(s), 12 Warning(s).

<h2>Software Packages used:</h2>

Package Vendor: ARM
                http://www.keil.com/pack/ARM.CMSIS.5.7.0.pack
                ARM.CMSIS.5.7.0
                CMSIS (Cortex Microcontroller Software Interface Standard)
   * Component: CORE Version: 5.4.0

Package Vendor: Keil
                http://www.keil.com/pack/Keil.STM32F0xx_DFP.2.1.0.pack
                Keil.STM32F0xx_DFP.2.1.0
                STMicroelectronics STM32F0 Series Device Support, Drivers and Examples
   * Component: Startup Version: 1.0.0

<h2>Collection of Component include folders:</h2>
  .\RTE\_Target_1
  C:\Users\goglo\AppData\Local\Arm\Packs\ARM\CMSIS\5.7.0\CMSIS\Core\Include
  C:\Users\goglo\AppData\Local\Arm\Packs\Keil\STM32F0xx_DFP\2.1.0\Drivers\CMSIS\Device\ST\STM32F0xx\Include

<h2>Collection of Component Files used:</h2>

   * Component: ARM::CMSIS:CORE:5.4.0

   * Component: Keil.Standalone::Device:Startup:1.0.0
      Include file:  Drivers\CMSIS\Device\ST\STM32F0xx\Include\stm32f0xx.h
      Source file:   MDK\Device\Source\ARM\STM32F0xx_OPT.s
      Source file:   Drivers\CMSIS\Device\ST\STM32F0xx\Source\Templates\system_stm32f0xx.c
      Source file:   Drivers\CMSIS\Device\ST\STM32F0xx\Source\Templates\arm\startup_stm32f072xb.s
Build Time Elapsed:  00:00:01
</pre>
</body>
</html>
