<html>
<body>
<pre>
<h1>µVision Build Log</h1>
<h2>Tool Versions:</h2>
IDE-Version: µVision V5.33.0.0
Copyright (C) 2020 ARM Ltd and ARM Germany GmbH. All rights reserved.
License Information: Vadim Dmitriev, NSU, LIC=----
 
Tool Versions:
Toolchain:       MDK-Lite  Version: 5.33.0.0
Toolchain Path:  C:\Keil_v5\ARM\ARMCLANG\Bin
C Compiler:      ArmClang.exe V6.15
Assembler:       Armasm.exe V6.15
Linker/Locator:  ArmLink.exe V6.15
Library Manager: ArmAr.exe V6.15
Hex Converter:   FromElf.exe V6.15
CPU DLL:         SARMCM3.DLL V5.33.0.0
Dialog DLL:      DARMCM1.DLL V1.19.4.0
Target DLL:      STLink\ST-LINKIII-KEIL_SWO.dll V3.0.8.0
Dialog DLL:      TARMCM1.DLL V1.14.3.0
 
<h2>Project:</h2>
C:\Users\goglo\source\microVision repos\FirstProject\FirstProject.uvprojx
Project File Date:  05/23/2021

<h2>Output:</h2>
*** Using Compiler 'V6.15', folder: 'C:\Keil_v5\ARM\ARMCLANG\Bin'
Build target 'Target 1'
main.c(6): warning: In file included from...
./ADC.h(15): warning: no newline at end of file [-Wnewline-eof]
#endif
      ^
main.c(8): warning: In file included from...
./L3GD20.h(41): warning: no newline at end of file [-Wnewline-eof]
#endif
      ^
main.c(21): warning: no previous prototype for function 'delay' [-Wmissing-prototypes]
extern void delay(uint32_t ticks)
            ^
main.c(21): note: declare 'static' if the function is not intended to be used outside of this translation unit
extern void delay(uint32_t ticks)
       ^
main.c(41): warning: no previous extern declaration for non-static variable 'zAngle' [-Wmissing-variable-declarations]
float zAngle = 0.0;
      ^
main.c(41): note: declare 'static' if the variable is not intended to be used outside of this translation unit
float zAngle = 0.0;
^
main.c(43): warning: no previous extern declaration for non-static variable 'timerFlag' [-Wmissing-variable-declarations]
bool timerFlag = false;
     ^
main.c(43): note: declare 'static' if the variable is not intended to be used outside of this translation unit
bool timerFlag = false;
^
C:\Keil_v5\ARM\ARMCLANG\Bin\..\include\stdbool.h(15): note: expanded from macro 'bool'
    #define bool _Bool
                 ^
main.c(45): warning: no previous prototype for function 'SysTick_Handler' [-Wmissing-prototypes]
void SysTick_Handler(void)
     ^
main.c(45): note: declare 'static' if the function is not intended to be used outside of this translation unit
void SysTick_Handler(void)
^
static 
main.c(55): warning: implicit conversion loses integer precision: 'int' to 'uint16_t' (aka 'unsigned short') [-Wimplicit-int-conversion]
        uint16_t z_raw = zl | ((uint16_t)zh << 8);
                 ~~~~~   ~~~^~~~~~~~~~~~~~~~~~~~~
main.c(58): warning: implicitly declaring library function 'abs' with type 'int (int)' [-Wimplicit-function-declaration]
        if (abs(zVelocity) > 50)
            ^
main.c(58): note: include the header <stdlib.h> or explicitly provide a declaration for 'abs'
main.c(52): warning: unused variable 'stat' [-Wunused-variable]
        uint8_t stat = GyroReadReg(STATUS_REG);
                ^
main.c(50): warning: no previous prototype for function 'GyroUpdate' [-Wmissing-prototypes]
void GyroUpdate()
     ^
main.c(50): note: declare 'static' if the function is not intended to be used outside of this translation unit
void GyroUpdate()
^
static 
main.c(50): warning: this old-style function definition is not preceded by a prototype [-Wstrict-prototypes]
void GyroUpdate()
               ^
main.c(69): warning: implicit conversion turns floating-point number into integer: 'float' to 'int16_t' (aka 'short') [-Wfloat-conversion]
        int16_t angle   = zAngle * 10;
                ~~~~~     ~~~~~~~^~~~
main.c(70): warning: unused variable 'angleF' [-Wunused-variable]
        float angleF = zAngle * 10;
              ^
13 warnings generated.
compiling main.c...
linking...
Program Size: Code=2960 RO-data=240 RW-data=8 ZI-data=1656  
".\Objects\FirstProject.axf" - 0 Error(s), 13 Warning(s).

<h2>Software Packages used:</h2>

Package Vendor: ARM
                http://www.keil.com/pack/ARM.CMSIS.5.7.0.pack
                ARM.CMSIS.5.7.0
                CMSIS (Cortex Microcontroller Software Interface Standard)
   * Component: CORE Version: 5.4.0

Package Vendor: Keil
                http://www.keil.com/pack/Keil.STM32F0xx_DFP.2.1.0.pack
                Keil.STM32F0xx_DFP.2.1.0
                STMicroelectronics STM32F0 Series Device Support, Drivers and Examples
   * Component: Startup Version: 1.0.0

<h2>Collection of Component include folders:</h2>
  .\RTE\_Target_1
  C:\Users\goglo\AppData\Local\Arm\Packs\ARM\CMSIS\5.7.0\CMSIS\Core\Include
  C:\Users\goglo\AppData\Local\Arm\Packs\Keil\STM32F0xx_DFP\2.1.0\Drivers\CMSIS\Device\ST\STM32F0xx\Include

<h2>Collection of Component Files used:</h2>

   * Component: ARM::CMSIS:CORE:5.4.0

   * Component: Keil.Standalone::Device:Startup:1.0.0
      Source file:   MDK\Device\Source\ARM\STM32F0xx_OPT.s
      Include file:  Drivers\CMSIS\Device\ST\STM32F0xx\Include\stm32f0xx.h
      Source file:   Drivers\CMSIS\Device\ST\STM32F0xx\Source\Templates\system_stm32f0xx.c
      Source file:   Drivers\CMSIS\Device\ST\STM32F0xx\Source\Templates\arm\startup_stm32f072xb.s
Build Time Elapsed:  00:00:01
</pre>
</body>
</html>
