Component: ARM Compiler 6.15 Tool: armlink [5dd79300]

==============================================================================

Section Cross References

    main.o(.text.main) refers to main.o(.text.init) for init
    main.o(.text.main) refers to main.o(.text.loop) for loop
    main.o(.ARM.exidx.text.main) refers to main.o(.text.main) for [Anonymous Symbol]
    main.o(.text.init) refers to matrix.o(.text.MatrixInit) for MatrixInit
    main.o(.text.init) refers to usart.o(.text.UsartInitReciever) for UsartInitReciever
    main.o(.ARM.exidx.text.init) refers to main.o(.text.init) for [Anonymous Symbol]
    main.o(.text.loop) refers to usart.o(.text.UsartReceive) for UsartReceive
    main.o(.text.loop) refers to matrix.o(.text.MatrixClear) for MatrixClear
    main.o(.text.loop) refers to main.o(.text.setSector) for setSector
    main.o(.text.loop) refers to matrix.o(.text.MatrixSwapBuffers) for MatrixSwapBuffers
    main.o(.ARM.exidx.text.loop) refers to main.o(.text.loop) for [Anonymous Symbol]
    main.o(.text.setRightArrow) refers to matrix.o(.text.MatrixSetBit) for MatrixSetBit
    main.o(.ARM.exidx.text.setRightArrow) refers to main.o(.text.setRightArrow) for [Anonymous Symbol]
    main.o(.text.setUpRightArrow) refers to matrix.o(.text.MatrixSetBit) for MatrixSetBit
    main.o(.ARM.exidx.text.setUpRightArrow) refers to main.o(.text.setUpRightArrow) for [Anonymous Symbol]
    main.o(.text.setUpArrow) refers to matrix.o(.text.MatrixSetBit) for MatrixSetBit
    main.o(.ARM.exidx.text.setUpArrow) refers to main.o(.text.setUpArrow) for [Anonymous Symbol]
    main.o(.text.setUpLeftArrow) refers to matrix.o(.text.MatrixSetBit) for MatrixSetBit
    main.o(.ARM.exidx.text.setUpLeftArrow) refers to main.o(.text.setUpLeftArrow) for [Anonymous Symbol]
    main.o(.text.setLeftArrow) refers to matrix.o(.text.MatrixSetBit) for MatrixSetBit
    main.o(.ARM.exidx.text.setLeftArrow) refers to main.o(.text.setLeftArrow) for [Anonymous Symbol]
    main.o(.text.setDownLeftArrow) refers to matrix.o(.text.MatrixSetBit) for MatrixSetBit
    main.o(.ARM.exidx.text.setDownLeftArrow) refers to main.o(.text.setDownLeftArrow) for [Anonymous Symbol]
    main.o(.text.setDownArrow) refers to matrix.o(.text.MatrixSetBit) for MatrixSetBit
    main.o(.ARM.exidx.text.setDownArrow) refers to main.o(.text.setDownArrow) for [Anonymous Symbol]
    main.o(.text.setDownRightArrow) refers to matrix.o(.text.MatrixSetBit) for MatrixSetBit
    main.o(.ARM.exidx.text.setDownRightArrow) refers to main.o(.text.setDownRightArrow) for [Anonymous Symbol]
    main.o(.text.setSector) refers to main.o(.data.arrows) for [Anonymous Symbol]
    main.o(.ARM.exidx.text.setSector) refers to main.o(.text.setSector) for [Anonymous Symbol]
    main.o(.data.arrows) refers to main.o(.text.setLeftArrow) for setLeftArrow
    main.o(.data.arrows) refers to main.o(.text.setDownLeftArrow) for setDownLeftArrow
    main.o(.data.arrows) refers to main.o(.text.setDownArrow) for setDownArrow
    main.o(.data.arrows) refers to main.o(.text.setDownRightArrow) for setDownRightArrow
    main.o(.data.arrows) refers to main.o(.text.setRightArrow) for setRightArrow
    main.o(.data.arrows) refers to main.o(.text.setUpRightArrow) for setUpRightArrow
    main.o(.data.arrows) refers to main.o(.text.setUpArrow) for setUpArrow
    main.o(.data.arrows) refers to main.o(.text.setUpLeftArrow) for setUpLeftArrow
    pushbutton.o(.text.PushButtonCtor) refers to pushbutton.o(.text.FrontUpDownToggle) for FrontUpDownToggle
    pushbutton.o(.text.PushButtonCtor) refers to pushbutton.o(.text.FrontUpSwitchHandler) for FrontUpSwitchHandler
    pushbutton.o(.ARM.exidx.text.PushButtonCtor) refers to pushbutton.o(.text.PushButtonCtor) for [Anonymous Symbol]
    pushbutton.o(.ARM.exidx.text.FrontUpDownToggle) refers to pushbutton.o(.text.FrontUpDownToggle) for [Anonymous Symbol]
    pushbutton.o(.ARM.exidx.text.FrontUpSwitchHandler) refers to pushbutton.o(.text.FrontUpSwitchHandler) for [Anonymous Symbol]
    pushbutton.o(.ARM.exidx.text.PushButtonUpdate) refers to pushbutton.o(.text.PushButtonUpdate) for [Anonymous Symbol]
    matrix.o(.text.MatrixInit) refers to matrix.o(.text.__NVIC_EnableIRQ) for __NVIC_EnableIRQ
    matrix.o(.ARM.exidx.text.MatrixInit) refers to matrix.o(.text.MatrixInit) for [Anonymous Symbol]
    matrix.o(.ARM.exidx.text.__NVIC_EnableIRQ) refers to matrix.o(.text.__NVIC_EnableIRQ) for [Anonymous Symbol]
    matrix.o(.text.SPI2_IRQHandler) refers to matrix.o(.bss.SPI2_IRQHandler.curRow) for [Anonymous Symbol]
    matrix.o(.text.SPI2_IRQHandler) refers to matrix.o(.data.drawBuffer) for [Anonymous Symbol]
    matrix.o(.ARM.exidx.text.SPI2_IRQHandler) refers to matrix.o(.text.SPI2_IRQHandler) for [Anonymous Symbol]
    matrix.o(.text.MatrixSwapBuffers) refers to matrix.o(.data.editBuffer) for [Anonymous Symbol]
    matrix.o(.text.MatrixSwapBuffers) refers to matrix.o(.data.drawBuffer) for [Anonymous Symbol]
    matrix.o(.ARM.exidx.text.MatrixSwapBuffers) refers to matrix.o(.text.MatrixSwapBuffers) for [Anonymous Symbol]
    matrix.o(.text.MatrixSetRow) refers to matrix.o(.data.editBuffer) for [Anonymous Symbol]
    matrix.o(.ARM.exidx.text.MatrixSetRow) refers to matrix.o(.text.MatrixSetRow) for [Anonymous Symbol]
    matrix.o(.text.MatrixSetBit) refers to matrix.o(.data.editBuffer) for [Anonymous Symbol]
    matrix.o(.ARM.exidx.text.MatrixSetBit) refers to matrix.o(.text.MatrixSetBit) for [Anonymous Symbol]
    matrix.o(.text.MatrixClear) refers to matrix.o(.data.editBuffer) for [Anonymous Symbol]
    matrix.o(.ARM.exidx.text.MatrixClear) refers to matrix.o(.text.MatrixClear) for [Anonymous Symbol]
    matrix.o(.data.drawBuffer) refers to matrix.o(.bss.matrixBuffer1) for [Anonymous Symbol]
    matrix.o(.data.editBuffer) refers to matrix.o(.bss.matrixBuffer2) for [Anonymous Symbol]
    led.o(.ARM.exidx.text.InitLED) refers to led.o(.text.InitLED) for [Anonymous Symbol]
    led.o(.ARM.exidx.text.LEDswitchLight) refers to led.o(.text.LEDswitchLight) for [Anonymous Symbol]
    usart.o(.text.UsartInitTransmiter) refers to usart.o(.text.GeneralInit) for GeneralInit
    usart.o(.ARM.exidx.text.UsartInitTransmiter) refers to usart.o(.text.UsartInitTransmiter) for [Anonymous Symbol]
    usart.o(.text.UsartInitReciever) refers to usart.o(.text.GeneralInit) for GeneralInit
    usart.o(.ARM.exidx.text.UsartInitReciever) refers to usart.o(.text.UsartInitReciever) for [Anonymous Symbol]
    usart.o(.ARM.exidx.text.UsartTransmit) refers to usart.o(.text.UsartTransmit) for [Anonymous Symbol]
    usart.o(.ARM.exidx.text.UsartReceive) refers to usart.o(.text.UsartReceive) for [Anonymous Symbol]
    usart.o(.ARM.exidx.text.GeneralInit) refers to usart.o(.text.GeneralInit) for [Anonymous Symbol]
    adc.o(.text.ADCInit) refers to adc.o(.text.__NVIC_EnableIRQ) for __NVIC_EnableIRQ
    adc.o(.text.ADCInit) refers to adc.o(.text.__NVIC_SetPriority) for __NVIC_SetPriority
    adc.o(.text.ADCInit) refers to adc.o(.bss.ADC_Buffer) for [Anonymous Symbol]
    adc.o(.ARM.exidx.text.ADCInit) refers to adc.o(.text.ADCInit) for [Anonymous Symbol]
    adc.o(.ARM.exidx.text.__NVIC_EnableIRQ) refers to adc.o(.text.__NVIC_EnableIRQ) for [Anonymous Symbol]
    adc.o(.ARM.exidx.text.__NVIC_SetPriority) refers to adc.o(.text.__NVIC_SetPriority) for [Anonymous Symbol]
    adc.o(.text.DMA1_Channel1_IRQHandler) refers to adc.o(.bss.ADC_DMA_Ready) for ADC_DMA_Ready
    adc.o(.ARM.exidx.text.DMA1_Channel1_IRQHandler) refers to adc.o(.text.DMA1_Channel1_IRQHandler) for [Anonymous Symbol]
    adc.o(.text.ADC_Update) refers to adc.o(.bss.ADC_Val) for ADC_Val
    adc.o(.text.ADC_Update) refers to adc.o(.bss.ADC_DMA_Ready) for ADC_DMA_Ready
    adc.o(.text.ADC_Update) refers to adc.o(.bss.ADC_Buffer) for [Anonymous Symbol]
    adc.o(.ARM.exidx.text.ADC_Update) refers to adc.o(.text.ADC_Update) for [Anonymous Symbol]
    l3gd20.o(.text.GyroWriteReg) refers to l3gd20.o(.text.SendData) for SendData
    l3gd20.o(.ARM.exidx.text.GyroWriteReg) refers to l3gd20.o(.text.GyroWriteReg) for [Anonymous Symbol]
    l3gd20.o(.ARM.exidx.text.SendData) refers to l3gd20.o(.text.SendData) for [Anonymous Symbol]
    l3gd20.o(.text.GyroReadReg) refers to l3gd20.o(.text.SendData) for SendData
    l3gd20.o(.ARM.exidx.text.GyroReadReg) refers to l3gd20.o(.text.GyroReadReg) for [Anonymous Symbol]
    l3gd20.o(.text.GyroInit) refers to l3gd20.o(.text.__SPIInit) for __SPIInit
    l3gd20.o(.text.GyroInit) refers to l3gd20.o(.text.GyroWriteReg) for GyroWriteReg
    l3gd20.o(.ARM.exidx.text.GyroInit) refers to l3gd20.o(.text.GyroInit) for [Anonymous Symbol]
    l3gd20.o(.ARM.exidx.text.__SPIInit) refers to l3gd20.o(.text.__SPIInit) for [Anonymous Symbol]
    startup_stm32f072xb.o(STACK) refers (Special) to heapauxi.o(.text) for __use_two_region_memory
    startup_stm32f072xb.o(HEAP) refers (Special) to heapauxi.o(.text) for __use_two_region_memory
    startup_stm32f072xb.o(RESET) refers (Special) to heapauxi.o(.text) for __use_two_region_memory
    startup_stm32f072xb.o(RESET) refers to startup_stm32f072xb.o(STACK) for __initial_sp
    startup_stm32f072xb.o(RESET) refers to startup_stm32f072xb.o(.text) for Reset_Handler
    startup_stm32f072xb.o(RESET) refers to adc.o(.text.DMA1_Channel1_IRQHandler) for DMA1_Channel1_IRQHandler
    startup_stm32f072xb.o(RESET) refers to matrix.o(.text.SPI2_IRQHandler) for SPI2_IRQHandler
    startup_stm32f072xb.o(.text) refers (Special) to heapauxi.o(.text) for __use_two_region_memory
    startup_stm32f072xb.o(.text) refers to system_stm32f0xx.o(.text.SystemInit) for SystemInit
    startup_stm32f072xb.o(.text) refers to __main.o(!!!main) for __main
    startup_stm32f072xb.o(.text) refers to startup_stm32f072xb.o(HEAP) for Heap_Mem
    startup_stm32f072xb.o(.text) refers to startup_stm32f072xb.o(STACK) for Stack_Mem
    system_stm32f0xx.o(.ARM.exidx.text.SystemInit) refers to system_stm32f0xx.o(.text.SystemInit) for [Anonymous Symbol]
    system_stm32f0xx.o(.text.SystemCoreClockUpdate) refers to aeabi_sdiv.o(.text) for __aeabi_uidiv
    system_stm32f0xx.o(.text.SystemCoreClockUpdate) refers to system_stm32f0xx.o(.data.SystemCoreClock) for SystemCoreClock
    system_stm32f0xx.o(.text.SystemCoreClockUpdate) refers to system_stm32f0xx.o(.rodata.AHBPrescTable) for AHBPrescTable
    system_stm32f0xx.o(.ARM.exidx.text.SystemCoreClockUpdate) refers to system_stm32f0xx.o(.text.SystemCoreClockUpdate) for [Anonymous Symbol]
    __main.o(!!!main) refers to __rtentry.o(.ARM.Collect$$rtentry$$00000000) for __rt_entry
    __rtentry.o(.ARM.Collect$$rtentry$$00000000) refers (Special) to __rtentry2.o(.ARM.Collect$$rtentry$$0000000A) for __rt_entry_li
    __rtentry.o(.ARM.Collect$$rtentry$$00000000) refers (Special) to __rtentry2.o(.ARM.Collect$$rtentry$$0000000D) for __rt_entry_main
    __rtentry.o(.ARM.Collect$$rtentry$$00000000) refers (Special) to __rtentry2.o(.ARM.Collect$$rtentry$$0000000C) for __rt_entry_postli_1
    __rtentry.o(.ARM.Collect$$rtentry$$00000000) refers (Special) to __rtentry2.o(.ARM.Collect$$rtentry$$00000009) for __rt_entry_postsh_1
    __rtentry.o(.ARM.Collect$$rtentry$$00000000) refers (Special) to __rtentry2.o(.ARM.Collect$$rtentry$$00000002) for __rt_entry_presh_1
    __rtentry.o(.ARM.Collect$$rtentry$$00000000) refers (Special) to __rtentry4.o(.ARM.Collect$$rtentry$$00000004) for __rt_entry_sh
    aeabi_idiv0_sigfpe.o(.text) refers to rt_div0.o(.text) for __rt_div0
    __rtentry2.o(.ARM.Collect$$rtentry$$00000008) refers to boardinit2.o(.text) for _platform_post_stackheap_init
    __rtentry2.o(.ARM.Collect$$rtentry$$0000000A) refers to libinit.o(.ARM.Collect$$libinit$$00000000) for __rt_lib_init
    __rtentry2.o(.ARM.Collect$$rtentry$$0000000B) refers to boardinit3.o(.text) for _platform_post_lib_init
    __rtentry2.o(.ARM.Collect$$rtentry$$0000000D) refers to main.o(.text.main) for main
    __rtentry2.o(.ARM.Collect$$rtentry$$0000000D) refers to exit.o(.text) for exit
    __rtentry2.o(.ARM.exidx) refers to __rtentry2.o(.ARM.Collect$$rtentry$$00000001) for .ARM.Collect$$rtentry$$00000001
    __rtentry2.o(.ARM.exidx) refers to __rtentry2.o(.ARM.Collect$$rtentry$$00000008) for .ARM.Collect$$rtentry$$00000008
    __rtentry2.o(.ARM.exidx) refers to __rtentry2.o(.ARM.Collect$$rtentry$$0000000A) for .ARM.Collect$$rtentry$$0000000A
    __rtentry2.o(.ARM.exidx) refers to __rtentry2.o(.ARM.Collect$$rtentry$$0000000B) for .ARM.Collect$$rtentry$$0000000B
    __rtentry2.o(.ARM.exidx) refers to __rtentry2.o(.ARM.Collect$$rtentry$$0000000D) for .ARM.Collect$$rtentry$$0000000D
    __rtentry4.o(.ARM.Collect$$rtentry$$00000004) refers to sys_stackheap_outer.o(.text) for __user_setup_stackheap
    __rtentry4.o(.ARM.exidx) refers to __rtentry4.o(.ARM.Collect$$rtentry$$00000004) for .ARM.Collect$$rtentry$$00000004
    rt_div0.o(.text) refers to defsig_fpe_outer.o(.text) for __rt_SIGFPE
    sys_stackheap_outer.o(.text) refers to libspace.o(.text) for __user_perproc_libspace
    sys_stackheap_outer.o(.text) refers to startup_stm32f072xb.o(.text) for __user_initial_stackheap
    sys_stackheap_outer.o(__vectab_stack_and_reset_area) refers to tempstk.o(.text) for __temporary_stack_top
    sys_stackheap_outer.o(__vectab_stack_and_reset_area) refers to __main.o(!!!main) for __main
    exit.o(.text) refers to rtexit.o(.ARM.Collect$$rtexit$$00000000) for __rt_exit
    defsig_fpe_outer.o(.text) refers to defsig_fpe_inner.o(.text) for __rt_SIGFPE_inner
    defsig_fpe_outer.o(.text) refers to defsig_exit.o(.text) for __sig_exit
    defsig_fpe_formal.o(.text) refers to rt_raise.o(.text) for __rt_raise
    libinit.o(.ARM.Collect$$libinit$$00000000) refers (Special) to libinit2.o(.ARM.Collect$$libinit$$0000002E) for __rt_lib_init_alloca_1
    libinit.o(.ARM.Collect$$libinit$$00000000) refers (Special) to libinit2.o(.ARM.Collect$$libinit$$0000002C) for __rt_lib_init_argv_1
    libinit.o(.ARM.Collect$$libinit$$00000000) refers (Special) to libinit2.o(.ARM.Collect$$libinit$$0000001B) for __rt_lib_init_atexit_1
    libinit.o(.ARM.Collect$$libinit$$00000000) refers (Special) to libinit2.o(.ARM.Collect$$libinit$$00000021) for __rt_lib_init_clock_1
    libinit.o(.ARM.Collect$$libinit$$00000000) refers (Special) to libinit2.o(.ARM.Collect$$libinit$$00000032) for __rt_lib_init_cpp_1
    libinit.o(.ARM.Collect$$libinit$$00000000) refers (Special) to libinit2.o(.ARM.Collect$$libinit$$00000030) for __rt_lib_init_exceptions_1
    libinit.o(.ARM.Collect$$libinit$$00000000) refers (Special) to libinit2.o(.ARM.Collect$$libinit$$00000002) for __rt_lib_init_fp_1
    libinit.o(.ARM.Collect$$libinit$$00000000) refers (Special) to libinit2.o(.ARM.Collect$$libinit$$0000001F) for __rt_lib_init_fp_trap_1
    libinit.o(.ARM.Collect$$libinit$$00000000) refers (Special) to libinit2.o(.ARM.Collect$$libinit$$00000023) for __rt_lib_init_getenv_1
    libinit.o(.ARM.Collect$$libinit$$00000000) refers (Special) to libinit2.o(.ARM.Collect$$libinit$$0000000A) for __rt_lib_init_heap_1
    libinit.o(.ARM.Collect$$libinit$$00000000) refers (Special) to libinit2.o(.ARM.Collect$$libinit$$00000011) for __rt_lib_init_lc_collate_1
    libinit.o(.ARM.Collect$$libinit$$00000000) refers (Special) to libinit2.o(.ARM.Collect$$libinit$$00000013) for __rt_lib_init_lc_ctype_1
    libinit.o(.ARM.Collect$$libinit$$00000000) refers (Special) to libinit2.o(.ARM.Collect$$libinit$$00000015) for __rt_lib_init_lc_monetary_1
    libinit.o(.ARM.Collect$$libinit$$00000000) refers (Special) to libinit2.o(.ARM.Collect$$libinit$$00000017) for __rt_lib_init_lc_numeric_1
    libinit.o(.ARM.Collect$$libinit$$00000000) refers (Special) to libinit2.o(.ARM.Collect$$libinit$$00000019) for __rt_lib_init_lc_time_1
    libinit.o(.ARM.Collect$$libinit$$00000000) refers (Special) to libinit2.o(.ARM.Collect$$libinit$$00000004) for __rt_lib_init_preinit_1
    libinit.o(.ARM.Collect$$libinit$$00000000) refers (Special) to libinit2.o(.ARM.Collect$$libinit$$0000000E) for __rt_lib_init_rand_1
    libinit.o(.ARM.Collect$$libinit$$00000000) refers (Special) to libinit2.o(.ARM.Collect$$libinit$$00000033) for __rt_lib_init_return
    libinit.o(.ARM.Collect$$libinit$$00000000) refers (Special) to libinit2.o(.ARM.Collect$$libinit$$0000001D) for __rt_lib_init_signal_1
    libinit.o(.ARM.Collect$$libinit$$00000000) refers (Special) to libinit2.o(.ARM.Collect$$libinit$$00000025) for __rt_lib_init_stdio_1
    libinit.o(.ARM.Collect$$libinit$$00000000) refers (Special) to libinit2.o(.ARM.Collect$$libinit$$0000000C) for __rt_lib_init_user_alloc_1
    libspace.o(.text) refers to libspace.o(.bss) for __libspace_start
    rtexit.o(.ARM.Collect$$rtexit$$00000000) refers (Special) to rtexit2.o(.ARM.Collect$$rtexit$$00000004) for __rt_exit_exit
    rtexit.o(.ARM.Collect$$rtexit$$00000000) refers (Special) to rtexit2.o(.ARM.Collect$$rtexit$$00000003) for __rt_exit_ls
    rtexit.o(.ARM.Collect$$rtexit$$00000000) refers (Special) to rtexit2.o(.ARM.Collect$$rtexit$$00000002) for __rt_exit_prels_1
    rtexit.o(.ARM.exidx) refers (Special) to rtexit2.o(.ARM.Collect$$rtexit$$00000004) for __rt_exit_exit
    rtexit.o(.ARM.exidx) refers (Special) to rtexit2.o(.ARM.Collect$$rtexit$$00000003) for __rt_exit_ls
    rtexit.o(.ARM.exidx) refers (Special) to rtexit2.o(.ARM.Collect$$rtexit$$00000002) for __rt_exit_prels_1
    rtexit.o(.ARM.exidx) refers to rtexit.o(.ARM.Collect$$rtexit$$00000000) for .ARM.Collect$$rtexit$$00000000
    rt_raise.o(.text) refers to __raise.o(.text) for __raise
    rt_raise.o(.text) refers to sys_exit.o(.text) for _sys_exit
    defsig_exit.o(.text) refers to sys_exit.o(.text) for _sys_exit
    defsig_fpe_inner.o(.text) refers to defsig_general.o(.text) for __default_signal_display
    libinit2.o(.ARM.Collect$$libinit$$00000010) refers to libinit2.o(.ARM.Collect$$libinit$$0000000F) for .ARM.Collect$$libinit$$0000000F
    libinit2.o(.ARM.Collect$$libinit$$00000012) refers to libinit2.o(.ARM.Collect$$libinit$$0000000F) for .ARM.Collect$$libinit$$0000000F
    libinit2.o(.ARM.Collect$$libinit$$00000014) refers to libinit2.o(.ARM.Collect$$libinit$$0000000F) for .ARM.Collect$$libinit$$0000000F
    libinit2.o(.ARM.Collect$$libinit$$00000016) refers to libinit2.o(.ARM.Collect$$libinit$$0000000F) for .ARM.Collect$$libinit$$0000000F
    libinit2.o(.ARM.Collect$$libinit$$00000018) refers to libinit2.o(.ARM.Collect$$libinit$$0000000F) for .ARM.Collect$$libinit$$0000000F
    libinit2.o(.ARM.Collect$$libinit$$00000026) refers to argv_veneer.o(.text) for __ARM_argv_veneer
    libinit2.o(.ARM.Collect$$libinit$$00000027) refers to argv_veneer.o(.text) for __ARM_argv_veneer
    sys_exit.o(.text) refers (Special) to use_no_semi.o(.text) for __I$use$semihosting
    sys_exit.o(.text) refers (Special) to indicate_semi.o(.text) for __semihosting_library_function
    sys_exit_hlt.o(.text) refers (Special) to use_no_semi.o(.text) for __I$use$semihosting
    sys_exit_hlt.o(.text) refers (Special) to indicate_semi.o(.text) for __semihosting_library_function
    rtexit2.o(.ARM.Collect$$rtexit$$00000003) refers to libshutdown.o(.ARM.Collect$$libshutdown$$00000000) for __rt_lib_shutdown
    rtexit2.o(.ARM.Collect$$rtexit$$00000004) refers to sys_exit.o(.text) for _sys_exit
    rtexit2.o(.ARM.exidx) refers to rtexit2.o(.ARM.Collect$$rtexit$$00000001) for .ARM.Collect$$rtexit$$00000001
    rtexit2.o(.ARM.exidx) refers to rtexit2.o(.ARM.Collect$$rtexit$$00000003) for .ARM.Collect$$rtexit$$00000003
    rtexit2.o(.ARM.exidx) refers to rtexit2.o(.ARM.Collect$$rtexit$$00000004) for .ARM.Collect$$rtexit$$00000004
    __raise.o(.text) refers to defsig.o(CL$$defsig) for __default_signal_handler
    defsig_general.o(.text) refers to sys_wrch.o(.text) for _ttywrch
    sys_wrch.o(.text) refers (Special) to use_no_semi.o(.text) for __I$use$semihosting
    sys_wrch.o(.text) refers (Special) to indicate_semi.o(.text) for __semihosting_library_function
    sys_wrch_hlt.o(.text) refers (Special) to use_no_semi.o(.text) for __I$use$semihosting
    sys_wrch_hlt.o(.text) refers (Special) to indicate_semi.o(.text) for __semihosting_library_function
    defsig.o(CL$$defsig) refers to defsig_fpe_inner.o(.text) for __rt_SIGFPE_inner
    defsig.o(CL$$defsig) refers to defsig_rtmem_inner.o(.text) for __rt_SIGRTMEM_inner
    _get_argv_nomalloc.o(.text) refers (Special) to hrguard.o(.text) for __heap_region$guard
    _get_argv_nomalloc.o(.text) refers to defsig_rtmem_outer.o(.text) for __rt_SIGRTMEM
    _get_argv_nomalloc.o(.text) refers to sys_command.o(.text) for _sys_command_string
    libshutdown.o(.ARM.Collect$$libshutdown$$00000000) refers (Special) to libshutdown2.o(.ARM.Collect$$libshutdown$$00000002) for __rt_lib_shutdown_cpp_1
    libshutdown.o(.ARM.Collect$$libshutdown$$00000000) refers (Special) to libshutdown2.o(.ARM.Collect$$libshutdown$$00000007) for __rt_lib_shutdown_fp_trap_1
    libshutdown.o(.ARM.Collect$$libshutdown$$00000000) refers (Special) to libshutdown2.o(.ARM.Collect$$libshutdown$$0000000F) for __rt_lib_shutdown_heap_1
    libshutdown.o(.ARM.Collect$$libshutdown$$00000000) refers (Special) to libshutdown2.o(.ARM.Collect$$libshutdown$$00000010) for __rt_lib_shutdown_return
    libshutdown.o(.ARM.Collect$$libshutdown$$00000000) refers (Special) to libshutdown2.o(.ARM.Collect$$libshutdown$$0000000A) for __rt_lib_shutdown_signal_1
    libshutdown.o(.ARM.Collect$$libshutdown$$00000000) refers (Special) to libshutdown2.o(.ARM.Collect$$libshutdown$$00000004) for __rt_lib_shutdown_stdio_1
    libshutdown.o(.ARM.Collect$$libshutdown$$00000000) refers (Special) to libshutdown2.o(.ARM.Collect$$libshutdown$$0000000C) for __rt_lib_shutdown_user_alloc_1
    sys_command.o(.text) refers (Special) to use_no_semi.o(.text) for __I$use$semihosting
    sys_command.o(.text) refers (Special) to indicate_semi.o(.text) for __semihosting_library_function
    sys_command_hlt.o(.text) refers (Special) to use_no_semi.o(.text) for __I$use$semihosting
    sys_command_hlt.o(.text) refers (Special) to indicate_semi.o(.text) for __semihosting_library_function
    defsig_abrt_inner.o(.text) refers to defsig_general.o(.text) for __default_signal_display
    defsig_rtred_inner.o(.text) refers to defsig_general.o(.text) for __default_signal_display
    defsig_rtmem_inner.o(.text) refers to defsig_general.o(.text) for __default_signal_display
    defsig_rtmem_outer.o(.text) refers to defsig_rtmem_inner.o(.text) for __rt_SIGRTMEM_inner
    defsig_rtmem_outer.o(.text) refers to defsig_exit.o(.text) for __sig_exit
    defsig_rtmem_formal.o(.text) refers to rt_raise.o(.text) for __rt_raise
    defsig_stak_inner.o(.text) refers to defsig_general.o(.text) for __default_signal_display
    defsig_pvfn_inner.o(.text) refers to defsig_general.o(.text) for __default_signal_display
    defsig_cppl_inner.o(.text) refers to defsig_general.o(.text) for __default_signal_display
    defsig_segv_inner.o(.text) refers to defsig_general.o(.text) for __default_signal_display
    defsig_other.o(.text) refers to defsig_general.o(.text) for __default_signal_display


==============================================================================

Removing Unused input sections from the image.

    Removing main.o(.text), (0 bytes).
    Removing main.o(.ARM.exidx.text.main), (8 bytes).
    Removing main.o(.ARM.exidx.text.init), (8 bytes).
    Removing main.o(.ARM.exidx.text.loop), (8 bytes).
    Removing main.o(.ARM.exidx.text.setRightArrow), (8 bytes).
    Removing main.o(.ARM.exidx.text.setUpRightArrow), (8 bytes).
    Removing main.o(.ARM.exidx.text.setUpArrow), (8 bytes).
    Removing main.o(.ARM.exidx.text.setUpLeftArrow), (8 bytes).
    Removing main.o(.ARM.exidx.text.setLeftArrow), (8 bytes).
    Removing main.o(.ARM.exidx.text.setDownLeftArrow), (8 bytes).
    Removing main.o(.ARM.exidx.text.setDownArrow), (8 bytes).
    Removing main.o(.ARM.exidx.text.setDownRightArrow), (8 bytes).
    Removing main.o(.ARM.exidx.text.setSector), (8 bytes).
    Removing main.o(.ARM.use_no_argv), (4 bytes).
    Removing pushbutton.o(.text), (0 bytes).
    Removing pushbutton.o(.text.PushButtonCtor), (80 bytes).
    Removing pushbutton.o(.ARM.exidx.text.PushButtonCtor), (8 bytes).
    Removing pushbutton.o(.text.FrontUpDownToggle), (40 bytes).
    Removing pushbutton.o(.ARM.exidx.text.FrontUpDownToggle), (8 bytes).
    Removing pushbutton.o(.text.FrontUpSwitchHandler), (36 bytes).
    Removing pushbutton.o(.ARM.exidx.text.FrontUpSwitchHandler), (8 bytes).
    Removing pushbutton.o(.text.PushButtonUpdate), (136 bytes).
    Removing pushbutton.o(.ARM.exidx.text.PushButtonUpdate), (8 bytes).
    Removing matrix.o(.text), (0 bytes).
    Removing matrix.o(.ARM.exidx.text.MatrixInit), (8 bytes).
    Removing matrix.o(.ARM.exidx.text.__NVIC_EnableIRQ), (8 bytes).
    Removing matrix.o(.ARM.exidx.text.SPI2_IRQHandler), (8 bytes).
    Removing matrix.o(.ARM.exidx.text.MatrixSwapBuffers), (8 bytes).
    Removing matrix.o(.text.MatrixSetRow), (28 bytes).
    Removing matrix.o(.ARM.exidx.text.MatrixSetRow), (8 bytes).
    Removing matrix.o(.ARM.exidx.text.MatrixSetBit), (8 bytes).
    Removing matrix.o(.ARM.exidx.text.MatrixClear), (8 bytes).
    Removing led.o(.text), (0 bytes).
    Removing led.o(.text.InitLED), (84 bytes).
    Removing led.o(.ARM.exidx.text.InitLED), (8 bytes).
    Removing led.o(.text.LEDswitchLight), (140 bytes).
    Removing led.o(.ARM.exidx.text.LEDswitchLight), (8 bytes).
    Removing led.o(.rodata.RED_L), (4 bytes).
    Removing led.o(.rodata.GREEN_L), (4 bytes).
    Removing led.o(.rodata.BLUE_L), (4 bytes).
    Removing led.o(.rodata.YELLOW_L), (4 bytes).
    Removing led.o(.rodata.ALL_L), (4 bytes).
    Removing usart.o(.text), (0 bytes).
    Removing usart.o(.text.UsartInitTransmiter), (32 bytes).
    Removing usart.o(.ARM.exidx.text.UsartInitTransmiter), (8 bytes).
    Removing usart.o(.ARM.exidx.text.UsartInitReciever), (8 bytes).
    Removing usart.o(.text.UsartTransmit), (44 bytes).
    Removing usart.o(.ARM.exidx.text.UsartTransmit), (8 bytes).
    Removing usart.o(.ARM.exidx.text.UsartReceive), (8 bytes).
    Removing usart.o(.ARM.exidx.text.GeneralInit), (8 bytes).
    Removing usart.o(.bss.USART_toTransmit), (1 bytes).
    Removing adc.o(.text), (0 bytes).
    Removing adc.o(.text.ADCInit), (228 bytes).
    Removing adc.o(.ARM.exidx.text.ADCInit), (8 bytes).
    Removing adc.o(.text.__NVIC_EnableIRQ), (44 bytes).
    Removing adc.o(.ARM.exidx.text.__NVIC_EnableIRQ), (8 bytes).
    Removing adc.o(.text.__NVIC_SetPriority), (136 bytes).
    Removing adc.o(.ARM.exidx.text.__NVIC_SetPriority), (8 bytes).
    Removing adc.o(.ARM.exidx.text.DMA1_Channel1_IRQHandler), (8 bytes).
    Removing adc.o(.text.ADC_Update), (72 bytes).
    Removing adc.o(.ARM.exidx.text.ADC_Update), (8 bytes).
    Removing adc.o(.bss.ADC_Val), (2 bytes).
    Removing adc.o(.bss.ADC_Buffer), (64 bytes).
    Removing l3gd20.o(.text), (0 bytes).
    Removing l3gd20.o(.text.GyroWriteReg), (80 bytes).
    Removing l3gd20.o(.ARM.exidx.text.GyroWriteReg), (8 bytes).
    Removing l3gd20.o(.text.SendData), (64 bytes).
    Removing l3gd20.o(.ARM.exidx.text.SendData), (8 bytes).
    Removing l3gd20.o(.text.GyroReadReg), (80 bytes).
    Removing l3gd20.o(.ARM.exidx.text.GyroReadReg), (8 bytes).
    Removing l3gd20.o(.text.GyroInit), (24 bytes).
    Removing l3gd20.o(.ARM.exidx.text.GyroInit), (8 bytes).
    Removing l3gd20.o(.text.__SPIInit), (160 bytes).
    Removing l3gd20.o(.ARM.exidx.text.__SPIInit), (8 bytes).
    Removing system_stm32f0xx.o(.text), (0 bytes).
    Removing system_stm32f0xx.o(.ARM.exidx.text.SystemInit), (8 bytes).
    Removing system_stm32f0xx.o(.text.SystemCoreClockUpdate), (248 bytes).
    Removing system_stm32f0xx.o(.ARM.exidx.text.SystemCoreClockUpdate), (8 bytes).
    Removing system_stm32f0xx.o(.data.SystemCoreClock), (4 bytes).
    Removing system_stm32f0xx.o(.rodata.AHBPrescTable), (16 bytes).
    Removing system_stm32f0xx.o(.rodata.APBPrescTable), (8 bytes).

81 unused section(s) (total 2211 bytes) removed from the image.

==============================================================================

Image Symbol Table

    Local Symbols

    Symbol Name                              Value     Ov Type        Size  Object(Section)

    ../clib/angel/boardlib.s                 0x00000000   Number         0  boardinit1.o ABSOLUTE
    ../clib/angel/boardlib.s                 0x00000000   Number         0  boardinit2.o ABSOLUTE
    ../clib/angel/boardlib.s                 0x00000000   Number         0  boardinit3.o ABSOLUTE
    ../clib/angel/boardlib.s                 0x00000000   Number         0  boardshut.o ABSOLUTE
    ../clib/angel/handlers.s                 0x00000000   Number         0  __scatter_copy.o ABSOLUTE
    ../clib/angel/handlers.s                 0x00000000   Number         0  __scatter_zi.o ABSOLUTE
    ../clib/angel/kernel.s                   0x00000000   Number         0  __rtentry.o ABSOLUTE
    ../clib/angel/kernel.s                   0x00000000   Number         0  __rtentry2.o ABSOLUTE
    ../clib/angel/kernel.s                   0x00000000   Number         0  __rtentry4.o ABSOLUTE
    ../clib/angel/kernel.s                   0x00000000   Number         0  rtexit.o ABSOLUTE
    ../clib/angel/kernel.s                   0x00000000   Number         0  rtexit2.o ABSOLUTE
    ../clib/angel/rt.s                       0x00000000   Number         0  aeabi_idiv0.o ABSOLUTE
    ../clib/angel/rt.s                       0x00000000   Number         0  aeabi_idiv0_sigfpe.o ABSOLUTE
    ../clib/angel/rt.s                       0x00000000   Number         0  rt_div0.o ABSOLUTE
    ../clib/angel/rt.s                       0x00000000   Number         0  rt_raise.o ABSOLUTE
    ../clib/angel/scatterp.s                 0x00000000   Number         0  __scatter.o ABSOLUTE
    ../clib/angel/startup.s                  0x00000000   Number         0  __main.o ABSOLUTE
    ../clib/angel/sys.s                      0x00000000   Number         0  sys_stackheap_outer.o ABSOLUTE
    ../clib/angel/sys.s                      0x00000000   Number         0  libspace.o ABSOLUTE
    ../clib/angel/sys.s                      0x00000000   Number         0  tempstk.o ABSOLUTE
    ../clib/angel/sys.s                      0x00000000   Number         0  use_no_semi.o ABSOLUTE
    ../clib/angel/sys.s                      0x00000000   Number         0  indicate_semi.o ABSOLUTE
    ../clib/angel/sysapp.c                   0x00000000   Number         0  sys_exit.o ABSOLUTE
    ../clib/angel/sysapp.c                   0x00000000   Number         0  sys_exit_hlt.o ABSOLUTE
    ../clib/angel/sysapp.c                   0x00000000   Number         0  sys_wrch.o ABSOLUTE
    ../clib/angel/sysapp.c                   0x00000000   Number         0  sys_wrch_hlt.o ABSOLUTE
    ../clib/angel/sysapp.c                   0x00000000   Number         0  sys_command.o ABSOLUTE
    ../clib/angel/sysapp.c                   0x00000000   Number         0  sys_command_hlt.o ABSOLUTE
    ../clib/armsys.c                         0x00000000   Number         0  argv_veneer.o ABSOLUTE
    ../clib/armsys.c                         0x00000000   Number         0  _get_argv_nomalloc.o ABSOLUTE
    ../clib/armsys.c                         0x00000000   Number         0  no_argv.o ABSOLUTE
    ../clib/division.s                       0x00000000   Number         0  aeabi_sdiv.o ABSOLUTE
    ../clib/division.s                       0x00000000   Number         0  aeabi_sdiv_div0.o ABSOLUTE
    ../clib/heapalloc.c                      0x00000000   Number         0  hrguard.o ABSOLUTE
    ../clib/heapaux.c                        0x00000000   Number         0  heapauxi.o ABSOLUTE
    ../clib/libinit.s                        0x00000000   Number         0  libinit.o ABSOLUTE
    ../clib/libinit.s                        0x00000000   Number         0  libinit2.o ABSOLUTE
    ../clib/libinit.s                        0x00000000   Number         0  libshutdown.o ABSOLUTE
    ../clib/libinit.s                        0x00000000   Number         0  libshutdown2.o ABSOLUTE
    ../clib/signal.c                         0x00000000   Number         0  defsig_fpe_outer.o ABSOLUTE
    ../clib/signal.c                         0x00000000   Number         0  defsig_fpe_formal.o ABSOLUTE
    ../clib/signal.c                         0x00000000   Number         0  defsig_exit.o ABSOLUTE
    ../clib/signal.c                         0x00000000   Number         0  defsig_fpe_inner.o ABSOLUTE
    ../clib/signal.c                         0x00000000   Number         0  __raise.o ABSOLUTE
    ../clib/signal.c                         0x00000000   Number         0  defsig_general.o ABSOLUTE
    ../clib/signal.c                         0x00000000   Number         0  defsig_abrt_inner.o ABSOLUTE
    ../clib/signal.c                         0x00000000   Number         0  defsig_rtred_inner.o ABSOLUTE
    ../clib/signal.c                         0x00000000   Number         0  defsig_rtmem_inner.o ABSOLUTE
    ../clib/signal.c                         0x00000000   Number         0  defsig_rtmem_outer.o ABSOLUTE
    ../clib/signal.c                         0x00000000   Number         0  defsig_rtmem_formal.o ABSOLUTE
    ../clib/signal.c                         0x00000000   Number         0  defsig_stak_inner.o ABSOLUTE
    ../clib/signal.c                         0x00000000   Number         0  defsig_pvfn_inner.o ABSOLUTE
    ../clib/signal.c                         0x00000000   Number         0  defsig_cppl_inner.o ABSOLUTE
    ../clib/signal.c                         0x00000000   Number         0  defsig_segv_inner.o ABSOLUTE
    ../clib/signal.c                         0x00000000   Number         0  defsig_other.o ABSOLUTE
    ../clib/signal.s                         0x00000000   Number         0  defsig.o ABSOLUTE
    ../clib/stdlib.c                         0x00000000   Number         0  exit.o ABSOLUTE
    ../fplib/cfplib/fpinit.c                 0x00000000   Number         0  fpinit.o ABSOLUTE
    ADC.c                                    0x00000000   Number         0  adc.o ABSOLUTE
    L3GD20.c                                 0x00000000   Number         0  l3gd20.o ABSOLUTE
    Matrix.c                                 0x00000000   Number         0  matrix.o ABSOLUTE
    RTE/Device/STM32F072RBTx/startup_stm32f072xb.s 0x00000000   Number         0  startup_stm32f072xb.o ABSOLUTE
    dc.s                                     0x00000000   Number         0  dc.o ABSOLUTE
    led.c                                    0x00000000   Number         0  led.o ABSOLUTE
    main.c                                   0x00000000   Number         0  main.o ABSOLUTE
    pushbutton.c                             0x00000000   Number         0  pushbutton.o ABSOLUTE
    system_stm32f0xx.c                       0x00000000   Number         0  system_stm32f0xx.o ABSOLUTE
    usart.c                                  0x00000000   Number         0  usart.o ABSOLUTE
    RESET                                    0x08000000   Section      192  startup_stm32f072xb.o(RESET)
    !!!main                                  0x080000c0   Section        8  __main.o(!!!main)
    !!!scatter                               0x080000c8   Section       60  __scatter.o(!!!scatter)
    !!handler_copy                           0x08000104   Section       26  __scatter_copy.o(!!handler_copy)
    !!handler_zi                             0x08000120   Section       28  __scatter_zi.o(!!handler_zi)
    .ARM.Collect$$libinit$$00000000          0x0800013c   Section        2  libinit.o(.ARM.Collect$$libinit$$00000000)
    .ARM.Collect$$libinit$$00000002          0x0800013e   Section        0  libinit2.o(.ARM.Collect$$libinit$$00000002)
    .ARM.Collect$$libinit$$00000004          0x0800013e   Section        0  libinit2.o(.ARM.Collect$$libinit$$00000004)
    .ARM.Collect$$libinit$$0000000A          0x0800013e   Section        0  libinit2.o(.ARM.Collect$$libinit$$0000000A)
    .ARM.Collect$$libinit$$0000000C          0x0800013e   Section        0  libinit2.o(.ARM.Collect$$libinit$$0000000C)
    .ARM.Collect$$libinit$$0000000E          0x0800013e   Section        0  libinit2.o(.ARM.Collect$$libinit$$0000000E)
    .ARM.Collect$$libinit$$00000011          0x0800013e   Section        0  libinit2.o(.ARM.Collect$$libinit$$00000011)
    .ARM.Collect$$libinit$$00000013          0x0800013e   Section        0  libinit2.o(.ARM.Collect$$libinit$$00000013)
    .ARM.Collect$$libinit$$00000015          0x0800013e   Section        0  libinit2.o(.ARM.Collect$$libinit$$00000015)
    .ARM.Collect$$libinit$$00000017          0x0800013e   Section        0  libinit2.o(.ARM.Collect$$libinit$$00000017)
    .ARM.Collect$$libinit$$00000019          0x0800013e   Section        0  libinit2.o(.ARM.Collect$$libinit$$00000019)
    .ARM.Collect$$libinit$$0000001B          0x0800013e   Section        0  libinit2.o(.ARM.Collect$$libinit$$0000001B)
    .ARM.Collect$$libinit$$0000001D          0x0800013e   Section        0  libinit2.o(.ARM.Collect$$libinit$$0000001D)
    .ARM.Collect$$libinit$$0000001F          0x0800013e   Section        0  libinit2.o(.ARM.Collect$$libinit$$0000001F)
    .ARM.Collect$$libinit$$00000021          0x0800013e   Section        0  libinit2.o(.ARM.Collect$$libinit$$00000021)
    .ARM.Collect$$libinit$$00000023          0x0800013e   Section        0  libinit2.o(.ARM.Collect$$libinit$$00000023)
    .ARM.Collect$$libinit$$00000025          0x0800013e   Section        0  libinit2.o(.ARM.Collect$$libinit$$00000025)
    .ARM.Collect$$libinit$$0000002C          0x0800013e   Section        0  libinit2.o(.ARM.Collect$$libinit$$0000002C)
    .ARM.Collect$$libinit$$0000002E          0x0800013e   Section        0  libinit2.o(.ARM.Collect$$libinit$$0000002E)
    .ARM.Collect$$libinit$$00000030          0x0800013e   Section        0  libinit2.o(.ARM.Collect$$libinit$$00000030)
    .ARM.Collect$$libinit$$00000032          0x0800013e   Section        0  libinit2.o(.ARM.Collect$$libinit$$00000032)
    .ARM.Collect$$libinit$$00000033          0x0800013e   Section        2  libinit2.o(.ARM.Collect$$libinit$$00000033)
    .ARM.Collect$$libshutdown$$00000000      0x08000140   Section        2  libshutdown.o(.ARM.Collect$$libshutdown$$00000000)
    .ARM.Collect$$libshutdown$$00000002      0x08000142   Section        0  libshutdown2.o(.ARM.Collect$$libshutdown$$00000002)
    .ARM.Collect$$libshutdown$$00000004      0x08000142   Section        0  libshutdown2.o(.ARM.Collect$$libshutdown$$00000004)
    .ARM.Collect$$libshutdown$$00000007      0x08000142   Section        0  libshutdown2.o(.ARM.Collect$$libshutdown$$00000007)
    .ARM.Collect$$libshutdown$$0000000A      0x08000142   Section        0  libshutdown2.o(.ARM.Collect$$libshutdown$$0000000A)
    .ARM.Collect$$libshutdown$$0000000C      0x08000142   Section        0  libshutdown2.o(.ARM.Collect$$libshutdown$$0000000C)
    .ARM.Collect$$libshutdown$$0000000F      0x08000142   Section        0  libshutdown2.o(.ARM.Collect$$libshutdown$$0000000F)
    .ARM.Collect$$libshutdown$$00000010      0x08000142   Section        2  libshutdown2.o(.ARM.Collect$$libshutdown$$00000010)
    .ARM.Collect$$rtentry$$00000000          0x08000144   Section        0  __rtentry.o(.ARM.Collect$$rtentry$$00000000)
    .ARM.Collect$$rtentry$$00000002          0x08000144   Section        0  __rtentry2.o(.ARM.Collect$$rtentry$$00000002)
    .ARM.Collect$$rtentry$$00000004          0x08000144   Section        6  __rtentry4.o(.ARM.Collect$$rtentry$$00000004)
    .ARM.Collect$$rtentry$$00000009          0x0800014a   Section        0  __rtentry2.o(.ARM.Collect$$rtentry$$00000009)
    .ARM.Collect$$rtentry$$0000000A          0x0800014a   Section        4  __rtentry2.o(.ARM.Collect$$rtentry$$0000000A)
    .ARM.Collect$$rtentry$$0000000C          0x0800014e   Section        0  __rtentry2.o(.ARM.Collect$$rtentry$$0000000C)
    .ARM.Collect$$rtentry$$0000000D          0x0800014e   Section        8  __rtentry2.o(.ARM.Collect$$rtentry$$0000000D)
    .ARM.Collect$$rtexit$$00000000           0x08000156   Section        2  rtexit.o(.ARM.Collect$$rtexit$$00000000)
    .ARM.Collect$$rtexit$$00000002           0x08000158   Section        0  rtexit2.o(.ARM.Collect$$rtexit$$00000002)
    .ARM.Collect$$rtexit$$00000003           0x08000158   Section        4  rtexit2.o(.ARM.Collect$$rtexit$$00000003)
    .ARM.Collect$$rtexit$$00000004           0x0800015c   Section        6  rtexit2.o(.ARM.Collect$$rtexit$$00000004)
    .text                                    0x08000164   Section       56  startup_stm32f072xb.o(.text)
    .text                                    0x0800019c   Section        0  heapauxi.o(.text)
    .text                                    0x080001a2   Section       62  sys_stackheap_outer.o(.text)
    .text                                    0x080001e0   Section        0  exit.o(.text)
    .text                                    0x080001f0   Section        8  libspace.o(.text)
    .text                                    0x080001f8   Section        0  sys_exit.o(.text)
    .text                                    0x08000204   Section        2  use_no_semi.o(.text)
    .text                                    0x08000206   Section        0  indicate_semi.o(.text)
    [Anonymous Symbol]                       0x08000208   Section        0  adc.o(.text.DMA1_Channel1_IRQHandler)
    __arm_cp.3_0                             0x0800021c   Number         4  adc.o(.text.DMA1_Channel1_IRQHandler)
    __arm_cp.3_1                             0x08000220   Number         4  adc.o(.text.DMA1_Channel1_IRQHandler)
    GeneralInit                              0x08000225   Thumb Code   132  usart.o(.text.GeneralInit)
    [Anonymous Symbol]                       0x08000224   Section        0  usart.o(.text.GeneralInit)
    __arm_cp.4_2                             0x0800028c   Number         4  usart.o(.text.GeneralInit)
    __arm_cp.4_3                             0x08000290   Number         4  usart.o(.text.GeneralInit)
    __arm_cp.4_4                             0x08000294   Number         4  usart.o(.text.GeneralInit)
    __arm_cp.4_5                             0x08000298   Number         4  usart.o(.text.GeneralInit)
    __arm_cp.4_6                             0x0800029c   Number         4  usart.o(.text.GeneralInit)
    __arm_cp.4_7                             0x080002a0   Number         4  usart.o(.text.GeneralInit)
    __arm_cp.4_8                             0x080002a4   Number         4  usart.o(.text.GeneralInit)
    [Anonymous Symbol]                       0x080002a8   Section        0  matrix.o(.text.MatrixClear)
    [Anonymous Symbol]                       0x080002d0   Section        0  matrix.o(.text.MatrixInit)
    __arm_cp.0_0                             0x08000350   Number         4  matrix.o(.text.MatrixInit)
    __arm_cp.0_1                             0x08000354   Number         4  matrix.o(.text.MatrixInit)
    __arm_cp.0_2                             0x08000358   Number         4  matrix.o(.text.MatrixInit)
    __arm_cp.0_3                             0x0800035c   Number         4  matrix.o(.text.MatrixInit)
    __arm_cp.0_4                             0x08000360   Number         4  matrix.o(.text.MatrixInit)
    __arm_cp.0_5                             0x08000364   Number         4  matrix.o(.text.MatrixInit)
    __arm_cp.0_6                             0x08000368   Number         4  matrix.o(.text.MatrixInit)
    __arm_cp.0_7                             0x0800036c   Number         4  matrix.o(.text.MatrixInit)
    __arm_cp.0_8                             0x08000370   Number         4  matrix.o(.text.MatrixInit)
    [Anonymous Symbol]                       0x08000374   Section        0  matrix.o(.text.MatrixSetBit)
    [Anonymous Symbol]                       0x08000390   Section        0  matrix.o(.text.MatrixSwapBuffers)
    __arm_cp.3_0                             0x080003a8   Number         4  matrix.o(.text.MatrixSwapBuffers)
    [Anonymous Symbol]                       0x080003ac   Section        0  matrix.o(.text.SPI2_IRQHandler)
    __arm_cp.2_0                             0x080003f4   Number         4  matrix.o(.text.SPI2_IRQHandler)
    __arm_cp.2_1                             0x080003f8   Number         4  matrix.o(.text.SPI2_IRQHandler)
    __arm_cp.2_2                             0x080003fc   Number         4  matrix.o(.text.SPI2_IRQHandler)
    __arm_cp.2_3                             0x08000400   Number         4  matrix.o(.text.SPI2_IRQHandler)
    [Anonymous Symbol]                       0x08000404   Section        0  system_stm32f0xx.o(.text.SystemInit)
    [Anonymous Symbol]                       0x08000408   Section        0  usart.o(.text.UsartInitReciever)
    __arm_cp.1_0                             0x0800041c   Number         4  usart.o(.text.UsartInitReciever)
    __arm_cp.1_1                             0x08000420   Number         4  usart.o(.text.UsartInitReciever)
    __arm_cp.1_2                             0x08000424   Number         4  usart.o(.text.UsartInitReciever)
    [Anonymous Symbol]                       0x08000428   Section        0  usart.o(.text.UsartReceive)
    __arm_cp.3_0                             0x08000440   Number         4  usart.o(.text.UsartReceive)
    __arm_cp.3_1                             0x08000444   Number         4  usart.o(.text.UsartReceive)
    __NVIC_EnableIRQ                         0x08000449   Thumb Code    44  matrix.o(.text.__NVIC_EnableIRQ)
    [Anonymous Symbol]                       0x08000448   Section        0  matrix.o(.text.__NVIC_EnableIRQ)
    __arm_cp.1_0                             0x08000470   Number         4  matrix.o(.text.__NVIC_EnableIRQ)
    [Anonymous Symbol]                       0x08000474   Section        0  main.o(.text.init)
    [Anonymous Symbol]                       0x08000480   Section        0  main.o(.text.loop)
    [Anonymous Symbol]                       0x080004a2   Section        0  main.o(.text.main)
    [Anonymous Symbol]                       0x080004b6   Section        0  main.o(.text.setDownArrow)
    [Anonymous Symbol]                       0x080004f8   Section        0  main.o(.text.setDownLeftArrow)
    [Anonymous Symbol]                       0x08000544   Section        0  main.o(.text.setDownRightArrow)
    [Anonymous Symbol]                       0x08000584   Section        0  main.o(.text.setLeftArrow)
    [Anonymous Symbol]                       0x080005c2   Section        0  main.o(.text.setRightArrow)
    [Anonymous Symbol]                       0x08000600   Section        0  main.o(.text.setSector)
    __arm_cp.11_0                            0x08000614   Number         4  main.o(.text.setSector)
    [Anonymous Symbol]                       0x08000618   Section        0  main.o(.text.setUpArrow)
    [Anonymous Symbol]                       0x0800065a   Section        0  main.o(.text.setUpLeftArrow)
    [Anonymous Symbol]                       0x0800069e   Section        0  main.o(.text.setUpRightArrow)
    arrows                                   0x20000000   Data          32  main.o(.data.arrows)
    [Anonymous Symbol]                       0x20000000   Section        0  main.o(.data.arrows)
    drawBuffer                               0x20000020   Data           4  matrix.o(.data.drawBuffer)
    [Anonymous Symbol]                       0x20000020   Section        0  matrix.o(.data.drawBuffer)
    editBuffer                               0x20000024   Data           4  matrix.o(.data.editBuffer)
    [Anonymous Symbol]                       0x20000024   Section        0  matrix.o(.data.editBuffer)
    .bss                                     0x20000028   Section       96  libspace.o(.bss)
    SPI2_IRQHandler.curRow                   0x2000008c   Data           4  matrix.o(.bss.SPI2_IRQHandler.curRow)
    [Anonymous Symbol]                       0x2000008c   Section        0  matrix.o(.bss.SPI2_IRQHandler.curRow)
    matrixBuffer1                            0x20000090   Data           8  matrix.o(.bss.matrixBuffer1)
    [Anonymous Symbol]                       0x20000090   Section        0  matrix.o(.bss.matrixBuffer1)
    matrixBuffer2                            0x20000098   Data           8  matrix.o(.bss.matrixBuffer2)
    [Anonymous Symbol]                       0x20000098   Section        0  matrix.o(.bss.matrixBuffer2)
    Heap_Mem                                 0x200000a0   Data         512  startup_stm32f072xb.o(HEAP)
    HEAP                                     0x200000a0   Section      512  startup_stm32f072xb.o(HEAP)
    Stack_Mem                                0x200002a0   Data        1024  startup_stm32f072xb.o(STACK)
    STACK                                    0x200002a0   Section     1024  startup_stm32f072xb.o(STACK)
    __initial_sp                             0x200006a0   Data           0  startup_stm32f072xb.o(STACK)

    Global Symbols

    Symbol Name                              Value     Ov Type        Size  Object(Section)

    BuildAttributes$$THM_ISAv3M$S$PE$A:L22$X:L11$S22$IEEE1$IW$~IW$USESV6$~STKCKD$USESV7$~SHL$OSPACE$ROPI$EBA8$UX$STANDARDLIB$REQ8$PRES8$EABIv2 0x00000000   Number         0  anon$$obj.o ABSOLUTE
    __ARM_exceptions_init                     - Undefined Weak Reference
    __alloca_initialize                       - Undefined Weak Reference
    __arm_preinit_                            - Undefined Weak Reference
    __cpp_initialize__aeabi_                  - Undefined Weak Reference
    __cxa_finalize                            - Undefined Weak Reference
    __rt_locale                               - Undefined Weak Reference
    __sigvec_lookup                           - Undefined Weak Reference
    _atexit_init                              - Undefined Weak Reference
    _call_atexit_fns                          - Undefined Weak Reference
    _clock_init                               - Undefined Weak Reference
    _fp_trap_init                             - Undefined Weak Reference
    _fp_trap_shutdown                         - Undefined Weak Reference
    _get_lc_collate                           - Undefined Weak Reference
    _get_lc_ctype                             - Undefined Weak Reference
    _get_lc_monetary                          - Undefined Weak Reference
    _get_lc_numeric                           - Undefined Weak Reference
    _get_lc_time                              - Undefined Weak Reference
    _getenv_init                              - Undefined Weak Reference
    _handle_redirection                       - Undefined Weak Reference
    _init_alloc                               - Undefined Weak Reference
    _init_user_alloc                          - Undefined Weak Reference
    _initio                                   - Undefined Weak Reference
    _rand_init                                - Undefined Weak Reference
    _signal_finish                            - Undefined Weak Reference
    _signal_init                              - Undefined Weak Reference
    _terminate_alloc                          - Undefined Weak Reference
    _terminate_user_alloc                     - Undefined Weak Reference
    _terminateio                              - Undefined Weak Reference
    __Vectors_Size                           0x000000c0   Number         0  startup_stm32f072xb.o ABSOLUTE
    __Vectors                                0x08000000   Data           4  startup_stm32f072xb.o(RESET)
    __Vectors_End                            0x080000c0   Data           0  startup_stm32f072xb.o(RESET)
    __main                                   0x080000c1   Thumb Code     8  __main.o(!!!main)
    __scatterload                            0x080000c9   Thumb Code     0  __scatter.o(!!!scatter)
    __scatterload_rt2                        0x080000c9   Thumb Code    52  __scatter.o(!!!scatter)
    __scatterload_rt2_thumb_only             0x080000c9   Thumb Code     0  __scatter.o(!!!scatter)
    __scatterload_null                       0x080000d9   Thumb Code     0  __scatter.o(!!!scatter)
    __scatterload_copy                       0x08000105   Thumb Code    26  __scatter_copy.o(!!handler_copy)
    __scatterload_zeroinit                   0x08000121   Thumb Code    28  __scatter_zi.o(!!handler_zi)
    __rt_lib_init                            0x0800013d   Thumb Code     0  libinit.o(.ARM.Collect$$libinit$$00000000)
    __rt_lib_init_alloca_1                   0x0800013f   Thumb Code     0  libinit2.o(.ARM.Collect$$libinit$$0000002E)
    __rt_lib_init_argv_1                     0x0800013f   Thumb Code     0  libinit2.o(.ARM.Collect$$libinit$$0000002C)
    __rt_lib_init_atexit_1                   0x0800013f   Thumb Code     0  libinit2.o(.ARM.Collect$$libinit$$0000001B)
    __rt_lib_init_clock_1                    0x0800013f   Thumb Code     0  libinit2.o(.ARM.Collect$$libinit$$00000021)
    __rt_lib_init_cpp_1                      0x0800013f   Thumb Code     0  libinit2.o(.ARM.Collect$$libinit$$00000032)
    __rt_lib_init_exceptions_1               0x0800013f   Thumb Code     0  libinit2.o(.ARM.Collect$$libinit$$00000030)
    __rt_lib_init_fp_1                       0x0800013f   Thumb Code     0  libinit2.o(.ARM.Collect$$libinit$$00000002)
    __rt_lib_init_fp_trap_1                  0x0800013f   Thumb Code     0  libinit2.o(.ARM.Collect$$libinit$$0000001F)
    __rt_lib_init_getenv_1                   0x0800013f   Thumb Code     0  libinit2.o(.ARM.Collect$$libinit$$00000023)
    __rt_lib_init_heap_1                     0x0800013f   Thumb Code     0  libinit2.o(.ARM.Collect$$libinit$$0000000A)
    __rt_lib_init_lc_collate_1               0x0800013f   Thumb Code     0  libinit2.o(.ARM.Collect$$libinit$$00000011)
    __rt_lib_init_lc_ctype_1                 0x0800013f   Thumb Code     0  libinit2.o(.ARM.Collect$$libinit$$00000013)
    __rt_lib_init_lc_monetary_1              0x0800013f   Thumb Code     0  libinit2.o(.ARM.Collect$$libinit$$00000015)
    __rt_lib_init_lc_numeric_1               0x0800013f   Thumb Code     0  libinit2.o(.ARM.Collect$$libinit$$00000017)
    __rt_lib_init_lc_time_1                  0x0800013f   Thumb Code     0  libinit2.o(.ARM.Collect$$libinit$$00000019)
    __rt_lib_init_preinit_1                  0x0800013f   Thumb Code     0  libinit2.o(.ARM.Collect$$libinit$$00000004)
    __rt_lib_init_rand_1                     0x0800013f   Thumb Code     0  libinit2.o(.ARM.Collect$$libinit$$0000000E)
    __rt_lib_init_return                     0x0800013f   Thumb Code     0  libinit2.o(.ARM.Collect$$libinit$$00000033)
    __rt_lib_init_signal_1                   0x0800013f   Thumb Code     0  libinit2.o(.ARM.Collect$$libinit$$0000001D)
    __rt_lib_init_stdio_1                    0x0800013f   Thumb Code     0  libinit2.o(.ARM.Collect$$libinit$$00000025)
    __rt_lib_init_user_alloc_1               0x0800013f   Thumb Code     0  libinit2.o(.ARM.Collect$$libinit$$0000000C)
    __rt_lib_shutdown                        0x08000141   Thumb Code     0  libshutdown.o(.ARM.Collect$$libshutdown$$00000000)
    __rt_lib_shutdown_cpp_1                  0x08000143   Thumb Code     0  libshutdown2.o(.ARM.Collect$$libshutdown$$00000002)
    __rt_lib_shutdown_fp_trap_1              0x08000143   Thumb Code     0  libshutdown2.o(.ARM.Collect$$libshutdown$$00000007)
    __rt_lib_shutdown_heap_1                 0x08000143   Thumb Code     0  libshutdown2.o(.ARM.Collect$$libshutdown$$0000000F)
    __rt_lib_shutdown_return                 0x08000143   Thumb Code     0  libshutdown2.o(.ARM.Collect$$libshutdown$$00000010)
    __rt_lib_shutdown_signal_1               0x08000143   Thumb Code     0  libshutdown2.o(.ARM.Collect$$libshutdown$$0000000A)
    __rt_lib_shutdown_stdio_1                0x08000143   Thumb Code     0  libshutdown2.o(.ARM.Collect$$libshutdown$$00000004)
    __rt_lib_shutdown_user_alloc_1           0x08000143   Thumb Code     0  libshutdown2.o(.ARM.Collect$$libshutdown$$0000000C)
    __rt_entry                               0x08000145   Thumb Code     0  __rtentry.o(.ARM.Collect$$rtentry$$00000000)
    __rt_entry_presh_1                       0x08000145   Thumb Code     0  __rtentry2.o(.ARM.Collect$$rtentry$$00000002)
    __rt_entry_sh                            0x08000145   Thumb Code     0  __rtentry4.o(.ARM.Collect$$rtentry$$00000004)
    __rt_entry_li                            0x0800014b   Thumb Code     0  __rtentry2.o(.ARM.Collect$$rtentry$$0000000A)
    __rt_entry_postsh_1                      0x0800014b   Thumb Code     0  __rtentry2.o(.ARM.Collect$$rtentry$$00000009)
    __rt_entry_main                          0x0800014f   Thumb Code     0  __rtentry2.o(.ARM.Collect$$rtentry$$0000000D)
    __rt_entry_postli_1                      0x0800014f   Thumb Code     0  __rtentry2.o(.ARM.Collect$$rtentry$$0000000C)
    __rt_exit                                0x08000157   Thumb Code     0  rtexit.o(.ARM.Collect$$rtexit$$00000000)
    __rt_exit_ls                             0x08000159   Thumb Code     0  rtexit2.o(.ARM.Collect$$rtexit$$00000003)
    __rt_exit_prels_1                        0x08000159   Thumb Code     0  rtexit2.o(.ARM.Collect$$rtexit$$00000002)
    __rt_exit_exit                           0x0800015d   Thumb Code     0  rtexit2.o(.ARM.Collect$$rtexit$$00000004)
    Reset_Handler                            0x08000165   Thumb Code     8  startup_stm32f072xb.o(.text)
    NMI_Handler                              0x0800016d   Thumb Code     2  startup_stm32f072xb.o(.text)
    HardFault_Handler                        0x0800016f   Thumb Code     2  startup_stm32f072xb.o(.text)
    SVC_Handler                              0x08000171   Thumb Code     2  startup_stm32f072xb.o(.text)
    PendSV_Handler                           0x08000173   Thumb Code     2  startup_stm32f072xb.o(.text)
    SysTick_Handler                          0x08000175   Thumb Code     2  startup_stm32f072xb.o(.text)
    ADC1_COMP_IRQHandler                     0x08000177   Thumb Code     0  startup_stm32f072xb.o(.text)
    CEC_CAN_IRQHandler                       0x08000177   Thumb Code     0  startup_stm32f072xb.o(.text)
    DMA1_Channel2_3_IRQHandler               0x08000177   Thumb Code     0  startup_stm32f072xb.o(.text)
    DMA1_Channel4_5_6_7_IRQHandler           0x08000177   Thumb Code     0  startup_stm32f072xb.o(.text)
    EXTI0_1_IRQHandler                       0x08000177   Thumb Code     0  startup_stm32f072xb.o(.text)
    EXTI2_3_IRQHandler                       0x08000177   Thumb Code     0  startup_stm32f072xb.o(.text)
    EXTI4_15_IRQHandler                      0x08000177   Thumb Code     0  startup_stm32f072xb.o(.text)
    FLASH_IRQHandler                         0x08000177   Thumb Code     0  startup_stm32f072xb.o(.text)
    I2C1_IRQHandler                          0x08000177   Thumb Code     0  startup_stm32f072xb.o(.text)
    I2C2_IRQHandler                          0x08000177   Thumb Code     0  startup_stm32f072xb.o(.text)
    PVD_VDDIO2_IRQHandler                    0x08000177   Thumb Code     0  startup_stm32f072xb.o(.text)
    RCC_CRS_IRQHandler                       0x08000177   Thumb Code     0  startup_stm32f072xb.o(.text)
    RTC_IRQHandler                           0x08000177   Thumb Code     0  startup_stm32f072xb.o(.text)
    SPI1_IRQHandler                          0x08000177   Thumb Code     0  startup_stm32f072xb.o(.text)
    TIM14_IRQHandler                         0x08000177   Thumb Code     0  startup_stm32f072xb.o(.text)
    TIM15_IRQHandler                         0x08000177   Thumb Code     0  startup_stm32f072xb.o(.text)
    TIM16_IRQHandler                         0x08000177   Thumb Code     0  startup_stm32f072xb.o(.text)
    TIM17_IRQHandler                         0x08000177   Thumb Code     0  startup_stm32f072xb.o(.text)
    TIM1_BRK_UP_TRG_COM_IRQHandler           0x08000177   Thumb Code     0  startup_stm32f072xb.o(.text)
    TIM1_CC_IRQHandler                       0x08000177   Thumb Code     0  startup_stm32f072xb.o(.text)
    TIM2_IRQHandler                          0x08000177   Thumb Code     0  startup_stm32f072xb.o(.text)
    TIM3_IRQHandler                          0x08000177   Thumb Code     0  startup_stm32f072xb.o(.text)
    TIM6_DAC_IRQHandler                      0x08000177   Thumb Code     0  startup_stm32f072xb.o(.text)
    TIM7_IRQHandler                          0x08000177   Thumb Code     0  startup_stm32f072xb.o(.text)
    TSC_IRQHandler                           0x08000177   Thumb Code     0  startup_stm32f072xb.o(.text)
    USART1_IRQHandler                        0x08000177   Thumb Code     0  startup_stm32f072xb.o(.text)
    USART2_IRQHandler                        0x08000177   Thumb Code     0  startup_stm32f072xb.o(.text)
    USART3_4_IRQHandler                      0x08000177   Thumb Code     0  startup_stm32f072xb.o(.text)
    USB_IRQHandler                           0x08000177   Thumb Code     0  startup_stm32f072xb.o(.text)
    WWDG_IRQHandler                          0x08000177   Thumb Code     0  startup_stm32f072xb.o(.text)
    __user_initial_stackheap                 0x08000179   Thumb Code     0  startup_stm32f072xb.o(.text)
    __use_two_region_memory                  0x0800019d   Thumb Code     2  heapauxi.o(.text)
    __rt_heap_escrow$2region                 0x0800019f   Thumb Code     2  heapauxi.o(.text)
    __rt_heap_expand$2region                 0x080001a1   Thumb Code     2  heapauxi.o(.text)
    __user_setup_stackheap                   0x080001a3   Thumb Code    62  sys_stackheap_outer.o(.text)
    exit                                     0x080001e1   Thumb Code    16  exit.o(.text)
    __user_libspace                          0x080001f1   Thumb Code     8  libspace.o(.text)
    __user_perproc_libspace                  0x080001f1   Thumb Code     0  libspace.o(.text)
    __user_perthread_libspace                0x080001f1   Thumb Code     0  libspace.o(.text)
    _sys_exit                                0x080001f9   Thumb Code     8  sys_exit.o(.text)
    __I$use$semihosting                      0x08000205   Thumb Code     0  use_no_semi.o(.text)
    __use_no_semihosting_swi                 0x08000205   Thumb Code     2  use_no_semi.o(.text)
    __semihosting_library_function           0x08000207   Thumb Code     0  indicate_semi.o(.text)
    DMA1_Channel1_IRQHandler                 0x08000209   Thumb Code    28  adc.o(.text.DMA1_Channel1_IRQHandler)
    MatrixClear                              0x080002a9   Thumb Code    40  matrix.o(.text.MatrixClear)
    MatrixInit                               0x080002d1   Thumb Code   164  matrix.o(.text.MatrixInit)
    MatrixSetBit                             0x08000375   Thumb Code    28  matrix.o(.text.MatrixSetBit)
    MatrixSwapBuffers                        0x08000391   Thumb Code    28  matrix.o(.text.MatrixSwapBuffers)
    SPI2_IRQHandler                          0x080003ad   Thumb Code    88  matrix.o(.text.SPI2_IRQHandler)
    SystemInit                               0x08000405   Thumb Code     2  system_stm32f0xx.o(.text.SystemInit)
    UsartInitReciever                        0x08000409   Thumb Code    32  usart.o(.text.UsartInitReciever)
    UsartReceive                             0x08000429   Thumb Code    32  usart.o(.text.UsartReceive)
    init                                     0x08000475   Thumb Code    12  main.o(.text.init)
    loop                                     0x08000481   Thumb Code    34  main.o(.text.loop)
    main                                     0x080004a3   Thumb Code    20  main.o(.text.main)
    setDownArrow                             0x080004b7   Thumb Code    66  main.o(.text.setDownArrow)
    setDownLeftArrow                         0x080004f9   Thumb Code    76  main.o(.text.setDownLeftArrow)
    setDownRightArrow                        0x08000545   Thumb Code    64  main.o(.text.setDownRightArrow)
    setLeftArrow                             0x08000585   Thumb Code    62  main.o(.text.setLeftArrow)
    setRightArrow                            0x080005c3   Thumb Code    62  main.o(.text.setRightArrow)
    setSector                                0x08000601   Thumb Code    24  main.o(.text.setSector)
    setUpArrow                               0x08000619   Thumb Code    66  main.o(.text.setUpArrow)
    setUpLeftArrow                           0x0800065b   Thumb Code    68  main.o(.text.setUpLeftArrow)
    setUpRightArrow                          0x0800069f   Thumb Code    64  main.o(.text.setUpRightArrow)
    Region$$Table$$Base                      0x080006e0   Number         0  anon$$obj.o(Region$$Table)
    Region$$Table$$Limit                     0x08000700   Number         0  anon$$obj.o(Region$$Table)
    __libspace_start                         0x20000028   Data          96  libspace.o(.bss)
    ADC_DMA_Ready                            0x20000088   Data           1  adc.o(.bss.ADC_DMA_Ready)
    __temporary_stack_top$libspace           0x20000088   Data           0  libspace.o(.bss)



==============================================================================

Memory Map of the image

  Image Entry point : 0x08000165

  Load Region LR_1 (Base: 0x08000000, Size: 0x00000728, Max: 0xffffffff, ABSOLUTE)

    Execution Region ER_RO (Exec base: 0x08000000, Load base: 0x08000000, Size: 0x00000700, Max: 0xffffffff, ABSOLUTE)

    Exec Addr    Load Addr    Size         Type   Attr      Idx    E Section Name        Object

    0x08000000   0x08000000   0x000000c0   Data   RO          148    RESET               startup_stm32f072xb.o
    0x080000c0   0x080000c0   0x00000008   Code   RO          177  * !!!main             c_p.l(__main.o)
    0x080000c8   0x080000c8   0x0000003c   Code   RO          352    !!!scatter          c_p.l(__scatter.o)
    0x08000104   0x08000104   0x0000001a   Code   RO          354    !!handler_copy      c_p.l(__scatter_copy.o)
    0x0800011e   0x0800011e   0x00000002   PAD
    0x08000120   0x08000120   0x0000001c   Code   RO          356    !!handler_zi        c_p.l(__scatter_zi.o)
    0x0800013c   0x0800013c   0x00000002   Code   RO          215    .ARM.Collect$$libinit$$00000000  c_p.l(libinit.o)
    0x0800013e   0x0800013e   0x00000000   Code   RO          229    .ARM.Collect$$libinit$$00000002  c_p.l(libinit2.o)
    0x0800013e   0x0800013e   0x00000000   Code   RO          231    .ARM.Collect$$libinit$$00000004  c_p.l(libinit2.o)
    0x0800013e   0x0800013e   0x00000000   Code   RO          234    .ARM.Collect$$libinit$$0000000A  c_p.l(libinit2.o)
    0x0800013e   0x0800013e   0x00000000   Code   RO          236    .ARM.Collect$$libinit$$0000000C  c_p.l(libinit2.o)
    0x0800013e   0x0800013e   0x00000000   Code   RO          238    .ARM.Collect$$libinit$$0000000E  c_p.l(libinit2.o)
    0x0800013e   0x0800013e   0x00000000   Code   RO          241    .ARM.Collect$$libinit$$00000011  c_p.l(libinit2.o)
    0x0800013e   0x0800013e   0x00000000   Code   RO          243    .ARM.Collect$$libinit$$00000013  c_p.l(libinit2.o)
    0x0800013e   0x0800013e   0x00000000   Code   RO          245    .ARM.Collect$$libinit$$00000015  c_p.l(libinit2.o)
    0x0800013e   0x0800013e   0x00000000   Code   RO          247    .ARM.Collect$$libinit$$00000017  c_p.l(libinit2.o)
    0x0800013e   0x0800013e   0x00000000   Code   RO          249    .ARM.Collect$$libinit$$00000019  c_p.l(libinit2.o)
    0x0800013e   0x0800013e   0x00000000   Code   RO          251    .ARM.Collect$$libinit$$0000001B  c_p.l(libinit2.o)
    0x0800013e   0x0800013e   0x00000000   Code   RO          253    .ARM.Collect$$libinit$$0000001D  c_p.l(libinit2.o)
    0x0800013e   0x0800013e   0x00000000   Code   RO          255    .ARM.Collect$$libinit$$0000001F  c_p.l(libinit2.o)
    0x0800013e   0x0800013e   0x00000000   Code   RO          257    .ARM.Collect$$libinit$$00000021  c_p.l(libinit2.o)
    0x0800013e   0x0800013e   0x00000000   Code   RO          259    .ARM.Collect$$libinit$$00000023  c_p.l(libinit2.o)
    0x0800013e   0x0800013e   0x00000000   Code   RO          261    .ARM.Collect$$libinit$$00000025  c_p.l(libinit2.o)
    0x0800013e   0x0800013e   0x00000000   Code   RO          265    .ARM.Collect$$libinit$$0000002C  c_p.l(libinit2.o)
    0x0800013e   0x0800013e   0x00000000   Code   RO          267    .ARM.Collect$$libinit$$0000002E  c_p.l(libinit2.o)
    0x0800013e   0x0800013e   0x00000000   Code   RO          269    .ARM.Collect$$libinit$$00000030  c_p.l(libinit2.o)
    0x0800013e   0x0800013e   0x00000000   Code   RO          271    .ARM.Collect$$libinit$$00000032  c_p.l(libinit2.o)
    0x0800013e   0x0800013e   0x00000002   Code   RO          272    .ARM.Collect$$libinit$$00000033  c_p.l(libinit2.o)
    0x08000140   0x08000140   0x00000002   Code   RO          307    .ARM.Collect$$libshutdown$$00000000  c_p.l(libshutdown.o)
    0x08000142   0x08000142   0x00000000   Code   RO          335    .ARM.Collect$$libshutdown$$00000002  c_p.l(libshutdown2.o)
    0x08000142   0x08000142   0x00000000   Code   RO          337    .ARM.Collect$$libshutdown$$00000004  c_p.l(libshutdown2.o)
    0x08000142   0x08000142   0x00000000   Code   RO          340    .ARM.Collect$$libshutdown$$00000007  c_p.l(libshutdown2.o)
    0x08000142   0x08000142   0x00000000   Code   RO          343    .ARM.Collect$$libshutdown$$0000000A  c_p.l(libshutdown2.o)
    0x08000142   0x08000142   0x00000000   Code   RO          345    .ARM.Collect$$libshutdown$$0000000C  c_p.l(libshutdown2.o)
    0x08000142   0x08000142   0x00000000   Code   RO          348    .ARM.Collect$$libshutdown$$0000000F  c_p.l(libshutdown2.o)
    0x08000142   0x08000142   0x00000002   Code   RO          349    .ARM.Collect$$libshutdown$$00000010  c_p.l(libshutdown2.o)
    0x08000144   0x08000144   0x00000000   Code   RO          179    .ARM.Collect$$rtentry$$00000000  c_p.l(__rtentry.o)
    0x08000144   0x08000144   0x00000000   Code   RO          185    .ARM.Collect$$rtentry$$00000002  c_p.l(__rtentry2.o)
    0x08000144   0x08000144   0x00000006   Code   RO          197    .ARM.Collect$$rtentry$$00000004  c_p.l(__rtentry4.o)
    0x0800014a   0x0800014a   0x00000000   Code   RO          187    .ARM.Collect$$rtentry$$00000009  c_p.l(__rtentry2.o)
    0x0800014a   0x0800014a   0x00000004   Code   RO          188    .ARM.Collect$$rtentry$$0000000A  c_p.l(__rtentry2.o)
    0x0800014e   0x0800014e   0x00000000   Code   RO          190    .ARM.Collect$$rtentry$$0000000C  c_p.l(__rtentry2.o)
    0x0800014e   0x0800014e   0x00000008   Code   RO          191    .ARM.Collect$$rtentry$$0000000D  c_p.l(__rtentry2.o)
    0x08000156   0x08000156   0x00000002   Code   RO          220    .ARM.Collect$$rtexit$$00000000  c_p.l(rtexit.o)
    0x08000158   0x08000158   0x00000000   Code   RO          278    .ARM.Collect$$rtexit$$00000002  c_p.l(rtexit2.o)
    0x08000158   0x08000158   0x00000004   Code   RO          279    .ARM.Collect$$rtexit$$00000003  c_p.l(rtexit2.o)
    0x0800015c   0x0800015c   0x00000006   Code   RO          280    .ARM.Collect$$rtexit$$00000004  c_p.l(rtexit2.o)
    0x08000162   0x08000162   0x00000002   PAD
    0x08000164   0x08000164   0x00000038   Code   RO          149  * .text               startup_stm32f072xb.o
    0x0800019c   0x0800019c   0x00000006   Code   RO          175    .text               c_p.l(heapauxi.o)
    0x080001a2   0x080001a2   0x0000003e   Code   RO          201    .text               c_p.l(sys_stackheap_outer.o)
    0x080001e0   0x080001e0   0x00000010   Code   RO          204    .text               c_p.l(exit.o)
    0x080001f0   0x080001f0   0x00000008   Code   RO          216    .text               c_p.l(libspace.o)
    0x080001f8   0x080001f8   0x0000000c   Code   RO          273    .text               c_p.l(sys_exit.o)
    0x08000204   0x08000204   0x00000002   Code   RO          296    .text               c_p.l(use_no_semi.o)
    0x08000206   0x08000206   0x00000000   Code   RO          298    .text               c_p.l(indicate_semi.o)
    0x08000206   0x08000206   0x00000002   PAD
    0x08000208   0x08000208   0x0000001c   Code   RO          116    .text.DMA1_Channel1_IRQHandler  adc.o
    0x08000224   0x08000224   0x00000084   Code   RO          100    .text.GeneralInit   usart.o
    0x080002a8   0x080002a8   0x00000028   Code   RO           62    .text.MatrixClear   matrix.o
    0x080002d0   0x080002d0   0x000000a4   Code   RO           50    .text.MatrixInit    matrix.o
    0x08000374   0x08000374   0x0000001c   Code   RO           60    .text.MatrixSetBit  matrix.o
    0x08000390   0x08000390   0x0000001c   Code   RO           56    .text.MatrixSwapBuffers  matrix.o
    0x080003ac   0x080003ac   0x00000058   Code   RO           54    .text.SPI2_IRQHandler  matrix.o
    0x08000404   0x08000404   0x00000002   Code   RO          156    .text.SystemInit    system_stm32f0xx.o
    0x08000406   0x08000406   0x00000002   PAD
    0x08000408   0x08000408   0x00000020   Code   RO           94    .text.UsartInitReciever  usart.o
    0x08000428   0x08000428   0x00000020   Code   RO           98    .text.UsartReceive  usart.o
    0x08000448   0x08000448   0x0000002c   Code   RO           52    .text.__NVIC_EnableIRQ  matrix.o
    0x08000474   0x08000474   0x0000000c   Code   RO            4    .text.init          main.o
    0x08000480   0x08000480   0x00000022   Code   RO            6    .text.loop          main.o
    0x080004a2   0x080004a2   0x00000014   Code   RO            2    .text.main          main.o
    0x080004b6   0x080004b6   0x00000042   Code   RO           20    .text.setDownArrow  main.o
    0x080004f8   0x080004f8   0x0000004c   Code   RO           18    .text.setDownLeftArrow  main.o
    0x08000544   0x08000544   0x00000040   Code   RO           22    .text.setDownRightArrow  main.o
    0x08000584   0x08000584   0x0000003e   Code   RO           16    .text.setLeftArrow  main.o
    0x080005c2   0x080005c2   0x0000003e   Code   RO            8    .text.setRightArrow  main.o
    0x08000600   0x08000600   0x00000018   Code   RO           24    .text.setSector     main.o
    0x08000618   0x08000618   0x00000042   Code   RO           12    .text.setUpArrow    main.o
    0x0800065a   0x0800065a   0x00000044   Code   RO           14    .text.setUpLeftArrow  main.o
    0x0800069e   0x0800069e   0x00000040   Code   RO           10    .text.setUpRightArrow  main.o
    0x080006de   0x080006de   0x00000002   PAD
    0x080006e0   0x080006e0   0x00000020   Data   RO          351    Region$$Table       anon$$obj.o


    Execution Region ER_RW (Exec base: 0x20000000, Load base: 0x08000700, Size: 0x00000028, Max: 0xffffffff, ABSOLUTE)

    Exec Addr    Load Addr    Size         Type   Attr      Idx    E Section Name        Object

    0x20000000   0x08000700   0x00000020   Data   RW           26    .data.arrows        main.o
    0x20000020   0x08000720   0x00000004   Data   RW           65    .data.drawBuffer    matrix.o
    0x20000024   0x08000724   0x00000004   Data   RW           66    .data.editBuffer    matrix.o


    Execution Region ER_ZI (Exec base: 0x20000028, Load base: 0x08000728, Size: 0x00000678, Max: 0xffffffff, ABSOLUTE)

    Exec Addr    Load Addr    Size         Type   Attr      Idx    E Section Name        Object

    0x20000028        -       0x00000060   Zero   RW          217    .bss                c_p.l(libspace.o)
    0x20000088        -       0x00000001   Zero   RW          121    .bss.ADC_DMA_Ready  adc.o
    0x20000089   0x08000728   0x00000003   PAD
    0x2000008c        -       0x00000004   Zero   RW           64    .bss.SPI2_IRQHandler.curRow  matrix.o
    0x20000090        -       0x00000008   Zero   RW           67    .bss.matrixBuffer1  matrix.o
    0x20000098        -       0x00000008   Zero   RW           68    .bss.matrixBuffer2  matrix.o
    0x200000a0        -       0x00000200   Zero   RW          147    HEAP                startup_stm32f072xb.o
    0x200002a0        -       0x00000400   Zero   RW          146    STACK               startup_stm32f072xb.o


==============================================================================

Image component sizes


      Code (inc. data)   RO Data    RW Data    ZI Data      Debug   Object Name

        28          8          0          0          1       3873   adc.o
       618          4          0         32          0       1768   main.o
       392         60          0          8         20       3849   matrix.o
        56         26        192          0       1536        664   startup_stm32f072xb.o
         2          0          0          0          0       1709   system_stm32f0xx.o
       196         48          0          0          0       2177   usart.o

    ----------------------------------------------------------------------
      1296        146        224         40       1560      14040   Object Totals
         0          0         32          0          0          0   (incl. Generated)
         4          0          0          0          3          0   (incl. Padding)

    ----------------------------------------------------------------------

      Code (inc. data)   RO Data    RW Data    ZI Data      Debug   Library Member Name

         8          0          0          0          0         68   __main.o
         0          0          0          0          0          0   __rtentry.o
        12          0          0          0          0          0   __rtentry2.o
         6          0          0          0          0          0   __rtentry4.o
        60          8          0          0          0          0   __scatter.o
        26          0          0          0          0          0   __scatter_copy.o
        28          0          0          0          0          0   __scatter_zi.o
        16          0          0          0          0         68   exit.o
         6          0          0          0          0        136   heapauxi.o
         0          0          0          0          0          0   indicate_semi.o
         2          0          0          0          0          0   libinit.o
         2          0          0          0          0          0   libinit2.o
         2          0          0          0          0          0   libshutdown.o
         2          0          0          0          0          0   libshutdown2.o
         8          4          0          0         96         68   libspace.o
         2          0          0          0          0          0   rtexit.o
        10          0          0          0          0          0   rtexit2.o
        12          4          0          0          0         60   sys_exit.o
        62          0          0          0          0         80   sys_stackheap_outer.o
         2          0          0          0          0         68   use_no_semi.o

    ----------------------------------------------------------------------
       272         16          0          0         96        548   Library Totals
         6          0          0          0          0          0   (incl. Padding)

    ----------------------------------------------------------------------

      Code (inc. data)   RO Data    RW Data    ZI Data      Debug   Library Name

       266         16          0          0         96        548   c_p.l

    ----------------------------------------------------------------------
       272         16          0          0         96        548   Library Totals

    ----------------------------------------------------------------------

==============================================================================


      Code (inc. data)   RO Data    RW Data    ZI Data      Debug   

      1568        162        224         40       1656      14432   Grand Totals
      1568        162        224         40       1656      14432   ELF Image Totals
      1568        162        224         40          0          0   ROM Totals

==============================================================================

    Total RO  Size (Code + RO Data)                 1792 (   1.75kB)
    Total RW  Size (RW Data + ZI Data)              1696 (   1.66kB)
    Total ROM Size (Code + RO Data + RW Data)       1832 (   1.79kB)

==============================================================================

