Component: ARM Compiler 6.15 Tool: armlink [5dd79300]

==============================================================================

Section Cross References

    main.o(.text.main) refers to main.o(.text.init) for init
    main.o(.text.main) refers to main.o(.text.loop) for loop
    main.o(.ARM.exidx.text.main) refers to main.o(.text.main) for [Anonymous Symbol]
    main.o(.text.init) refers to l3gd20.o(.text.GyroInit) for GyroInit
    main.o(.text.init) refers to usart.o(.text.UsartInitTransmiter) for UsartInitTransmiter
    main.o(.text.init) refers to system_stm32f0xx.o(.text.SystemCoreClockUpdate) for SystemCoreClockUpdate
    main.o(.text.init) refers to aeabi_sdiv.o(.text) for __aeabi_uidiv
    main.o(.text.init) refers to main.o(.text.SysTick_Config) for SysTick_Config
    main.o(.text.init) refers to system_stm32f0xx.o(.data.SystemCoreClock) for SystemCoreClock
    main.o(.ARM.exidx.text.init) refers to main.o(.text.init) for [Anonymous Symbol]
    main.o(.text.loop) refers to main.o(.text.GyroUpdate) for GyroUpdate
    main.o(.text.loop) refers to fmul.o(x$fpl$fmul) for __aeabi_fmul
    main.o(.text.loop) refers to ffixi.o(.text) for __aeabi_f2iz
    main.o(.text.loop) refers to aeabi_sdiv.o(.text) for __aeabi_idivmod
    main.o(.text.loop) refers to usart.o(.text.UsartTransmit) for UsartTransmit
    main.o(.text.loop) refers to main.o(.bss.timerFlag) for timerFlag
    main.o(.text.loop) refers to main.o(.bss.zAngle) for zAngle
    main.o(.ARM.exidx.text.loop) refers to main.o(.text.loop) for [Anonymous Symbol]
    main.o(.ARM.exidx.text.delay) refers to main.o(.text.delay) for [Anonymous Symbol]
    main.o(.text.SysTick_Config) refers to main.o(.text.__NVIC_SetPriority) for __NVIC_SetPriority
    main.o(.ARM.exidx.text.SysTick_Config) refers to main.o(.text.SysTick_Config) for [Anonymous Symbol]
    main.o(.text.SysTick_Handler) refers to main.o(.bss.timerFlag) for timerFlag
    main.o(.ARM.exidx.text.SysTick_Handler) refers to main.o(.text.SysTick_Handler) for [Anonymous Symbol]
    main.o(.text.GyroUpdate) refers to l3gd20.o(.text.GyroReadReg) for GyroReadReg
    main.o(.text.GyroUpdate) refers to abs.o(.text) for abs
    main.o(.text.GyroUpdate) refers to fflti.o(.text) for __aeabi_i2f
    main.o(.text.GyroUpdate) refers to fmul.o(x$fpl$fmul) for __aeabi_fmul
    main.o(.text.GyroUpdate) refers to faddsub.o(x$fpl$fadd) for __aeabi_fadd
    main.o(.text.GyroUpdate) refers to main.o(.bss.zAngle) for zAngle
    main.o(.text.GyroUpdate) refers to main.o(.bss.timerFlag) for timerFlag
    main.o(.ARM.exidx.text.GyroUpdate) refers to main.o(.text.GyroUpdate) for [Anonymous Symbol]
    main.o(.ARM.exidx.text.__NVIC_SetPriority) refers to main.o(.text.__NVIC_SetPriority) for [Anonymous Symbol]
    pushbutton.o(.text.PushButtonCtor) refers to pushbutton.o(.text.FrontUpDownToggle) for FrontUpDownToggle
    pushbutton.o(.text.PushButtonCtor) refers to pushbutton.o(.text.FrontUpSwitchHandler) for FrontUpSwitchHandler
    pushbutton.o(.ARM.exidx.text.PushButtonCtor) refers to pushbutton.o(.text.PushButtonCtor) for [Anonymous Symbol]
    pushbutton.o(.ARM.exidx.text.FrontUpDownToggle) refers to pushbutton.o(.text.FrontUpDownToggle) for [Anonymous Symbol]
    pushbutton.o(.ARM.exidx.text.FrontUpSwitchHandler) refers to pushbutton.o(.text.FrontUpSwitchHandler) for [Anonymous Symbol]
    pushbutton.o(.ARM.exidx.text.PushButtonUpdate) refers to pushbutton.o(.text.PushButtonUpdate) for [Anonymous Symbol]
    matrix.o(.text.MatrixInit) refers to matrix.o(.text.__NVIC_EnableIRQ) for __NVIC_EnableIRQ
    matrix.o(.ARM.exidx.text.MatrixInit) refers to matrix.o(.text.MatrixInit) for [Anonymous Symbol]
    matrix.o(.ARM.exidx.text.__NVIC_EnableIRQ) refers to matrix.o(.text.__NVIC_EnableIRQ) for [Anonymous Symbol]
    matrix.o(.text.SPI2_IRQHandler) refers to matrix.o(.bss.SPI2_IRQHandler.curRow) for [Anonymous Symbol]
    matrix.o(.text.SPI2_IRQHandler) refers to matrix.o(.data.drawBuffer) for [Anonymous Symbol]
    matrix.o(.ARM.exidx.text.SPI2_IRQHandler) refers to matrix.o(.text.SPI2_IRQHandler) for [Anonymous Symbol]
    matrix.o(.text.DrawNum) refers to matrix.o(.data.editBuffer) for [Anonymous Symbol]
    matrix.o(.ARM.exidx.text.DrawNum) refers to matrix.o(.text.DrawNum) for [Anonymous Symbol]
    matrix.o(.text.MatrixSwapBuffers) refers to matrix.o(.data.editBuffer) for [Anonymous Symbol]
    matrix.o(.text.MatrixSwapBuffers) refers to matrix.o(.data.drawBuffer) for [Anonymous Symbol]
    matrix.o(.ARM.exidx.text.MatrixSwapBuffers) refers to matrix.o(.text.MatrixSwapBuffers) for [Anonymous Symbol]
    matrix.o(.text.MatrixSetRow) refers to matrix.o(.data.editBuffer) for [Anonymous Symbol]
    matrix.o(.ARM.exidx.text.MatrixSetRow) refers to matrix.o(.text.MatrixSetRow) for [Anonymous Symbol]
    matrix.o(.text.MatrixSetBit) refers to matrix.o(.data.editBuffer) for [Anonymous Symbol]
    matrix.o(.ARM.exidx.text.MatrixSetBit) refers to matrix.o(.text.MatrixSetBit) for [Anonymous Symbol]
    matrix.o(.text.MatrixClear) refers to matrix.o(.data.editBuffer) for [Anonymous Symbol]
    matrix.o(.ARM.exidx.text.MatrixClear) refers to matrix.o(.text.MatrixClear) for [Anonymous Symbol]
    matrix.o(.data.drawBuffer) refers to matrix.o(.bss.matrixBuffer1) for [Anonymous Symbol]
    matrix.o(.data.editBuffer) refers to matrix.o(.bss.matrixBuffer2) for [Anonymous Symbol]
    led.o(.ARM.exidx.text.InitLED) refers to led.o(.text.InitLED) for [Anonymous Symbol]
    led.o(.ARM.exidx.text.LEDswitchLight) refers to led.o(.text.LEDswitchLight) for [Anonymous Symbol]
    usart.o(.text.UsartInitTransmiter) refers to usart.o(.text.GeneralInit) for GeneralInit
    usart.o(.ARM.exidx.text.UsartInitTransmiter) refers to usart.o(.text.UsartInitTransmiter) for [Anonymous Symbol]
    usart.o(.text.UsartInitReciever) refers to usart.o(.text.GeneralInit) for GeneralInit
    usart.o(.ARM.exidx.text.UsartInitReciever) refers to usart.o(.text.UsartInitReciever) for [Anonymous Symbol]
    usart.o(.ARM.exidx.text.UsartTransmit) refers to usart.o(.text.UsartTransmit) for [Anonymous Symbol]
    usart.o(.ARM.exidx.text.UsartReceive) refers to usart.o(.text.UsartReceive) for [Anonymous Symbol]
    usart.o(.ARM.exidx.text.GeneralInit) refers to usart.o(.text.GeneralInit) for [Anonymous Symbol]
    adc.o(.text.ADCInit) refers to adc.o(.text.__NVIC_EnableIRQ) for __NVIC_EnableIRQ
    adc.o(.text.ADCInit) refers to adc.o(.text.__NVIC_SetPriority) for __NVIC_SetPriority
    adc.o(.text.ADCInit) refers to adc.o(.bss.ADC_Buffer) for [Anonymous Symbol]
    adc.o(.ARM.exidx.text.ADCInit) refers to adc.o(.text.ADCInit) for [Anonymous Symbol]
    adc.o(.ARM.exidx.text.__NVIC_EnableIRQ) refers to adc.o(.text.__NVIC_EnableIRQ) for [Anonymous Symbol]
    adc.o(.ARM.exidx.text.__NVIC_SetPriority) refers to adc.o(.text.__NVIC_SetPriority) for [Anonymous Symbol]
    adc.o(.text.DMA1_Channel1_IRQHandler) refers to adc.o(.bss.ADC_DMA_Ready) for ADC_DMA_Ready
    adc.o(.ARM.exidx.text.DMA1_Channel1_IRQHandler) refers to adc.o(.text.DMA1_Channel1_IRQHandler) for [Anonymous Symbol]
    adc.o(.text.ADC_Update) refers to adc.o(.bss.ADC_Val) for ADC_Val
    adc.o(.text.ADC_Update) refers to adc.o(.bss.ADC_DMA_Ready) for ADC_DMA_Ready
    adc.o(.text.ADC_Update) refers to adc.o(.bss.ADC_Buffer) for [Anonymous Symbol]
    adc.o(.ARM.exidx.text.ADC_Update) refers to adc.o(.text.ADC_Update) for [Anonymous Symbol]
    l3gd20.o(.text.GyroWriteReg) refers to l3gd20.o(.text.SendData) for SendData
    l3gd20.o(.ARM.exidx.text.GyroWriteReg) refers to l3gd20.o(.text.GyroWriteReg) for [Anonymous Symbol]
    l3gd20.o(.ARM.exidx.text.SendData) refers to l3gd20.o(.text.SendData) for [Anonymous Symbol]
    l3gd20.o(.text.GyroReadReg) refers to l3gd20.o(.text.SendData) for SendData
    l3gd20.o(.ARM.exidx.text.GyroReadReg) refers to l3gd20.o(.text.GyroReadReg) for [Anonymous Symbol]
    l3gd20.o(.text.GyroInit) refers to l3gd20.o(.text.__SPIInit) for __SPIInit
    l3gd20.o(.text.GyroInit) refers to l3gd20.o(.text.GyroWriteReg) for GyroWriteReg
    l3gd20.o(.ARM.exidx.text.GyroInit) refers to l3gd20.o(.text.GyroInit) for [Anonymous Symbol]
    l3gd20.o(.ARM.exidx.text.__SPIInit) refers to l3gd20.o(.text.__SPIInit) for [Anonymous Symbol]
    startup_stm32f072xb.o(STACK) refers (Special) to heapauxi.o(.text) for __use_two_region_memory
    startup_stm32f072xb.o(HEAP) refers (Special) to heapauxi.o(.text) for __use_two_region_memory
    startup_stm32f072xb.o(RESET) refers (Special) to heapauxi.o(.text) for __use_two_region_memory
    startup_stm32f072xb.o(RESET) refers to startup_stm32f072xb.o(STACK) for __initial_sp
    startup_stm32f072xb.o(RESET) refers to startup_stm32f072xb.o(.text) for Reset_Handler
    startup_stm32f072xb.o(RESET) refers to main.o(.text.SysTick_Handler) for SysTick_Handler
    startup_stm32f072xb.o(RESET) refers to adc.o(.text.DMA1_Channel1_IRQHandler) for DMA1_Channel1_IRQHandler
    startup_stm32f072xb.o(RESET) refers to matrix.o(.text.SPI2_IRQHandler) for SPI2_IRQHandler
    startup_stm32f072xb.o(.text) refers (Special) to heapauxi.o(.text) for __use_two_region_memory
    startup_stm32f072xb.o(.text) refers to system_stm32f0xx.o(.text.SystemInit) for SystemInit
    startup_stm32f072xb.o(.text) refers to __main.o(!!!main) for __main
    startup_stm32f072xb.o(.text) refers to startup_stm32f072xb.o(HEAP) for Heap_Mem
    startup_stm32f072xb.o(.text) refers to startup_stm32f072xb.o(STACK) for Stack_Mem
    system_stm32f0xx.o(.ARM.exidx.text.SystemInit) refers to system_stm32f0xx.o(.text.SystemInit) for [Anonymous Symbol]
    system_stm32f0xx.o(.text.SystemCoreClockUpdate) refers to aeabi_sdiv.o(.text) for __aeabi_uidiv
    system_stm32f0xx.o(.text.SystemCoreClockUpdate) refers to system_stm32f0xx.o(.data.SystemCoreClock) for SystemCoreClock
    system_stm32f0xx.o(.text.SystemCoreClockUpdate) refers to system_stm32f0xx.o(.rodata.AHBPrescTable) for AHBPrescTable
    system_stm32f0xx.o(.ARM.exidx.text.SystemCoreClockUpdate) refers to system_stm32f0xx.o(.text.SystemCoreClockUpdate) for [Anonymous Symbol]
    __main.o(!!!main) refers to __rtentry.o(.ARM.Collect$$rtentry$$00000000) for __rt_entry
    faddsub.o(x$fpl$fadd) refers (Special) to usenofp.o(x$fpl$usenofp) for __I$use$fp
    faddsub.o(x$fpl$fadd) refers to faddsub.o(x$fpl$fsub) for _fsub1
    faddsub.o(x$fpl$frsb) refers (Special) to usenofp.o(x$fpl$usenofp) for __I$use$fp
    faddsub.o(x$fpl$frsb) refers to faddsub.o(x$fpl$fsub) for _fsub1
    faddsub.o(x$fpl$frsb) refers to faddsub.o(x$fpl$fadd) for _fadd1
    faddsub.o(x$fpl$fsub) refers (Special) to usenofp.o(x$fpl$usenofp) for __I$use$fp
    faddsub.o(x$fpl$fsub) refers to faddsub.o(x$fpl$fadd) for _fadd1
    ffixi.o(.text) refers (Special) to usenofp.o(x$fpl$usenofp) for __I$use$fp
    fflti.o(.text) refers (Special) to usenofp.o(x$fpl$usenofp) for __I$use$fp
    fmul.o(x$fpl$fmul) refers (Special) to usenofp.o(x$fpl$usenofp) for __I$use$fp
    __rtentry.o(.ARM.Collect$$rtentry$$00000000) refers (Special) to __rtentry2.o(.ARM.Collect$$rtentry$$0000000A) for __rt_entry_li
    __rtentry.o(.ARM.Collect$$rtentry$$00000000) refers (Special) to __rtentry2.o(.ARM.Collect$$rtentry$$0000000D) for __rt_entry_main
    __rtentry.o(.ARM.Collect$$rtentry$$00000000) refers (Special) to __rtentry2.o(.ARM.Collect$$rtentry$$0000000C) for __rt_entry_postli_1
    __rtentry.o(.ARM.Collect$$rtentry$$00000000) refers (Special) to __rtentry2.o(.ARM.Collect$$rtentry$$00000009) for __rt_entry_postsh_1
    __rtentry.o(.ARM.Collect$$rtentry$$00000000) refers (Special) to __rtentry2.o(.ARM.Collect$$rtentry$$00000002) for __rt_entry_presh_1
    __rtentry.o(.ARM.Collect$$rtentry$$00000000) refers (Special) to __rtentry4.o(.ARM.Collect$$rtentry$$00000004) for __rt_entry_sh
    aeabi_idiv0_sigfpe.o(.text) refers to rt_div0.o(.text) for __rt_div0
    __rtentry2.o(.ARM.Collect$$rtentry$$00000008) refers to boardinit2.o(.text) for _platform_post_stackheap_init
    __rtentry2.o(.ARM.Collect$$rtentry$$0000000A) refers to libinit.o(.ARM.Collect$$libinit$$00000000) for __rt_lib_init
    __rtentry2.o(.ARM.Collect$$rtentry$$0000000B) refers to boardinit3.o(.text) for _platform_post_lib_init
    __rtentry2.o(.ARM.Collect$$rtentry$$0000000D) refers to main.o(.text.main) for main
    __rtentry2.o(.ARM.Collect$$rtentry$$0000000D) refers to exit.o(.text) for exit
    __rtentry2.o(.ARM.exidx) refers to __rtentry2.o(.ARM.Collect$$rtentry$$00000001) for .ARM.Collect$$rtentry$$00000001
    __rtentry2.o(.ARM.exidx) refers to __rtentry2.o(.ARM.Collect$$rtentry$$00000008) for .ARM.Collect$$rtentry$$00000008
    __rtentry2.o(.ARM.exidx) refers to __rtentry2.o(.ARM.Collect$$rtentry$$0000000A) for .ARM.Collect$$rtentry$$0000000A
    __rtentry2.o(.ARM.exidx) refers to __rtentry2.o(.ARM.Collect$$rtentry$$0000000B) for .ARM.Collect$$rtentry$$0000000B
    __rtentry2.o(.ARM.exidx) refers to __rtentry2.o(.ARM.Collect$$rtentry$$0000000D) for .ARM.Collect$$rtentry$$0000000D
    __rtentry4.o(.ARM.Collect$$rtentry$$00000004) refers to sys_stackheap_outer.o(.text) for __user_setup_stackheap
    __rtentry4.o(.ARM.exidx) refers to __rtentry4.o(.ARM.Collect$$rtentry$$00000004) for .ARM.Collect$$rtentry$$00000004
    rt_div0.o(.text) refers to defsig_fpe_outer.o(.text) for __rt_SIGFPE
    sys_stackheap_outer.o(.text) refers to libspace.o(.text) for __user_perproc_libspace
    sys_stackheap_outer.o(.text) refers to startup_stm32f072xb.o(.text) for __user_initial_stackheap
    sys_stackheap_outer.o(__vectab_stack_and_reset_area) refers to tempstk.o(.text) for __temporary_stack_top
    sys_stackheap_outer.o(__vectab_stack_and_reset_area) refers to __main.o(!!!main) for __main
    exit.o(.text) refers to rtexit.o(.ARM.Collect$$rtexit$$00000000) for __rt_exit
    defsig_fpe_outer.o(.text) refers to defsig_fpe_inner.o(.text) for __rt_SIGFPE_inner
    defsig_fpe_outer.o(.text) refers to defsig_exit.o(.text) for __sig_exit
    defsig_fpe_formal.o(.text) refers to rt_raise.o(.text) for __rt_raise
    libinit.o(.ARM.Collect$$libinit$$00000000) refers (Special) to libinit2.o(.ARM.Collect$$libinit$$0000002E) for __rt_lib_init_alloca_1
    libinit.o(.ARM.Collect$$libinit$$00000000) refers (Special) to libinit2.o(.ARM.Collect$$libinit$$0000002C) for __rt_lib_init_argv_1
    libinit.o(.ARM.Collect$$libinit$$00000000) refers (Special) to libinit2.o(.ARM.Collect$$libinit$$0000001B) for __rt_lib_init_atexit_1
    libinit.o(.ARM.Collect$$libinit$$00000000) refers (Special) to libinit2.o(.ARM.Collect$$libinit$$00000021) for __rt_lib_init_clock_1
    libinit.o(.ARM.Collect$$libinit$$00000000) refers (Special) to libinit2.o(.ARM.Collect$$libinit$$00000032) for __rt_lib_init_cpp_1
    libinit.o(.ARM.Collect$$libinit$$00000000) refers (Special) to libinit2.o(.ARM.Collect$$libinit$$00000030) for __rt_lib_init_exceptions_1
    libinit.o(.ARM.Collect$$libinit$$00000000) refers (Special) to libinit2.o(.ARM.Collect$$libinit$$00000002) for __rt_lib_init_fp_1
    libinit.o(.ARM.Collect$$libinit$$00000000) refers (Special) to libinit2.o(.ARM.Collect$$libinit$$0000001F) for __rt_lib_init_fp_trap_1
    libinit.o(.ARM.Collect$$libinit$$00000000) refers (Special) to libinit2.o(.ARM.Collect$$libinit$$00000023) for __rt_lib_init_getenv_1
    libinit.o(.ARM.Collect$$libinit$$00000000) refers (Special) to libinit2.o(.ARM.Collect$$libinit$$0000000A) for __rt_lib_init_heap_1
    libinit.o(.ARM.Collect$$libinit$$00000000) refers (Special) to libinit2.o(.ARM.Collect$$libinit$$00000011) for __rt_lib_init_lc_collate_1
    libinit.o(.ARM.Collect$$libinit$$00000000) refers (Special) to libinit2.o(.ARM.Collect$$libinit$$00000013) for __rt_lib_init_lc_ctype_1
    libinit.o(.ARM.Collect$$libinit$$00000000) refers (Special) to libinit2.o(.ARM.Collect$$libinit$$00000015) for __rt_lib_init_lc_monetary_1
    libinit.o(.ARM.Collect$$libinit$$00000000) refers (Special) to libinit2.o(.ARM.Collect$$libinit$$00000017) for __rt_lib_init_lc_numeric_1
    libinit.o(.ARM.Collect$$libinit$$00000000) refers (Special) to libinit2.o(.ARM.Collect$$libinit$$00000019) for __rt_lib_init_lc_time_1
    libinit.o(.ARM.Collect$$libinit$$00000000) refers (Special) to libinit2.o(.ARM.Collect$$libinit$$00000004) for __rt_lib_init_preinit_1
    libinit.o(.ARM.Collect$$libinit$$00000000) refers (Special) to libinit2.o(.ARM.Collect$$libinit$$0000000E) for __rt_lib_init_rand_1
    libinit.o(.ARM.Collect$$libinit$$00000000) refers (Special) to libinit2.o(.ARM.Collect$$libinit$$00000033) for __rt_lib_init_return
    libinit.o(.ARM.Collect$$libinit$$00000000) refers (Special) to libinit2.o(.ARM.Collect$$libinit$$0000001D) for __rt_lib_init_signal_1
    libinit.o(.ARM.Collect$$libinit$$00000000) refers (Special) to libinit2.o(.ARM.Collect$$libinit$$00000025) for __rt_lib_init_stdio_1
    libinit.o(.ARM.Collect$$libinit$$00000000) refers (Special) to libinit2.o(.ARM.Collect$$libinit$$0000000C) for __rt_lib_init_user_alloc_1
    libspace.o(.text) refers to libspace.o(.bss) for __libspace_start
    rtexit.o(.ARM.Collect$$rtexit$$00000000) refers (Special) to rtexit2.o(.ARM.Collect$$rtexit$$00000004) for __rt_exit_exit
    rtexit.o(.ARM.Collect$$rtexit$$00000000) refers (Special) to rtexit2.o(.ARM.Collect$$rtexit$$00000003) for __rt_exit_ls
    rtexit.o(.ARM.Collect$$rtexit$$00000000) refers (Special) to rtexit2.o(.ARM.Collect$$rtexit$$00000002) for __rt_exit_prels_1
    rtexit.o(.ARM.exidx) refers (Special) to rtexit2.o(.ARM.Collect$$rtexit$$00000004) for __rt_exit_exit
    rtexit.o(.ARM.exidx) refers (Special) to rtexit2.o(.ARM.Collect$$rtexit$$00000003) for __rt_exit_ls
    rtexit.o(.ARM.exidx) refers (Special) to rtexit2.o(.ARM.Collect$$rtexit$$00000002) for __rt_exit_prels_1
    rtexit.o(.ARM.exidx) refers to rtexit.o(.ARM.Collect$$rtexit$$00000000) for .ARM.Collect$$rtexit$$00000000
    rt_raise.o(.text) refers to __raise.o(.text) for __raise
    rt_raise.o(.text) refers to sys_exit.o(.text) for _sys_exit
    defsig_exit.o(.text) refers to sys_exit.o(.text) for _sys_exit
    defsig_fpe_inner.o(.text) refers to defsig_general.o(.text) for __default_signal_display
    libinit2.o(.ARM.Collect$$libinit$$00000010) refers to libinit2.o(.ARM.Collect$$libinit$$0000000F) for .ARM.Collect$$libinit$$0000000F
    libinit2.o(.ARM.Collect$$libinit$$00000012) refers to libinit2.o(.ARM.Collect$$libinit$$0000000F) for .ARM.Collect$$libinit$$0000000F
    libinit2.o(.ARM.Collect$$libinit$$00000014) refers to libinit2.o(.ARM.Collect$$libinit$$0000000F) for .ARM.Collect$$libinit$$0000000F
    libinit2.o(.ARM.Collect$$libinit$$00000016) refers to libinit2.o(.ARM.Collect$$libinit$$0000000F) for .ARM.Collect$$libinit$$0000000F
    libinit2.o(.ARM.Collect$$libinit$$00000018) refers to libinit2.o(.ARM.Collect$$libinit$$0000000F) for .ARM.Collect$$libinit$$0000000F
    libinit2.o(.ARM.Collect$$libinit$$00000026) refers to argv_veneer.o(.text) for __ARM_argv_veneer
    libinit2.o(.ARM.Collect$$libinit$$00000027) refers to argv_veneer.o(.text) for __ARM_argv_veneer
    sys_exit.o(.text) refers (Special) to use_no_semi.o(.text) for __I$use$semihosting
    sys_exit.o(.text) refers (Special) to indicate_semi.o(.text) for __semihosting_library_function
    sys_exit_hlt.o(.text) refers (Special) to use_no_semi.o(.text) for __I$use$semihosting
    sys_exit_hlt.o(.text) refers (Special) to indicate_semi.o(.text) for __semihosting_library_function
    rtexit2.o(.ARM.Collect$$rtexit$$00000003) refers to libshutdown.o(.ARM.Collect$$libshutdown$$00000000) for __rt_lib_shutdown
    rtexit2.o(.ARM.Collect$$rtexit$$00000004) refers to sys_exit.o(.text) for _sys_exit
    rtexit2.o(.ARM.exidx) refers to rtexit2.o(.ARM.Collect$$rtexit$$00000001) for .ARM.Collect$$rtexit$$00000001
    rtexit2.o(.ARM.exidx) refers to rtexit2.o(.ARM.Collect$$rtexit$$00000003) for .ARM.Collect$$rtexit$$00000003
    rtexit2.o(.ARM.exidx) refers to rtexit2.o(.ARM.Collect$$rtexit$$00000004) for .ARM.Collect$$rtexit$$00000004
    __raise.o(.text) refers to defsig.o(CL$$defsig) for __default_signal_handler
    defsig_general.o(.text) refers to sys_wrch.o(.text) for _ttywrch
    sys_wrch.o(.text) refers (Special) to use_no_semi.o(.text) for __I$use$semihosting
    sys_wrch.o(.text) refers (Special) to indicate_semi.o(.text) for __semihosting_library_function
    sys_wrch_hlt.o(.text) refers (Special) to use_no_semi.o(.text) for __I$use$semihosting
    sys_wrch_hlt.o(.text) refers (Special) to indicate_semi.o(.text) for __semihosting_library_function
    defsig.o(CL$$defsig) refers to defsig_fpe_inner.o(.text) for __rt_SIGFPE_inner
    defsig.o(CL$$defsig) refers to defsig_rtmem_inner.o(.text) for __rt_SIGRTMEM_inner
    _get_argv_nomalloc.o(.text) refers (Special) to hrguard.o(.text) for __heap_region$guard
    _get_argv_nomalloc.o(.text) refers to defsig_rtmem_outer.o(.text) for __rt_SIGRTMEM
    _get_argv_nomalloc.o(.text) refers to sys_command.o(.text) for _sys_command_string
    libshutdown.o(.ARM.Collect$$libshutdown$$00000000) refers (Special) to libshutdown2.o(.ARM.Collect$$libshutdown$$00000002) for __rt_lib_shutdown_cpp_1
    libshutdown.o(.ARM.Collect$$libshutdown$$00000000) refers (Special) to libshutdown2.o(.ARM.Collect$$libshutdown$$00000007) for __rt_lib_shutdown_fp_trap_1
    libshutdown.o(.ARM.Collect$$libshutdown$$00000000) refers (Special) to libshutdown2.o(.ARM.Collect$$libshutdown$$0000000F) for __rt_lib_shutdown_heap_1
    libshutdown.o(.ARM.Collect$$libshutdown$$00000000) refers (Special) to libshutdown2.o(.ARM.Collect$$libshutdown$$00000010) for __rt_lib_shutdown_return
    libshutdown.o(.ARM.Collect$$libshutdown$$00000000) refers (Special) to libshutdown2.o(.ARM.Collect$$libshutdown$$0000000A) for __rt_lib_shutdown_signal_1
    libshutdown.o(.ARM.Collect$$libshutdown$$00000000) refers (Special) to libshutdown2.o(.ARM.Collect$$libshutdown$$00000004) for __rt_lib_shutdown_stdio_1
    libshutdown.o(.ARM.Collect$$libshutdown$$00000000) refers (Special) to libshutdown2.o(.ARM.Collect$$libshutdown$$0000000C) for __rt_lib_shutdown_user_alloc_1
    sys_command.o(.text) refers (Special) to use_no_semi.o(.text) for __I$use$semihosting
    sys_command.o(.text) refers (Special) to indicate_semi.o(.text) for __semihosting_library_function
    sys_command_hlt.o(.text) refers (Special) to use_no_semi.o(.text) for __I$use$semihosting
    sys_command_hlt.o(.text) refers (Special) to indicate_semi.o(.text) for __semihosting_library_function
    defsig_abrt_inner.o(.text) refers to defsig_general.o(.text) for __default_signal_display
    defsig_rtred_inner.o(.text) refers to defsig_general.o(.text) for __default_signal_display
    defsig_rtmem_inner.o(.text) refers to defsig_general.o(.text) for __default_signal_display
    defsig_rtmem_outer.o(.text) refers to defsig_rtmem_inner.o(.text) for __rt_SIGRTMEM_inner
    defsig_rtmem_outer.o(.text) refers to defsig_exit.o(.text) for __sig_exit
    defsig_rtmem_formal.o(.text) refers to rt_raise.o(.text) for __rt_raise
    defsig_stak_inner.o(.text) refers to defsig_general.o(.text) for __default_signal_display
    defsig_pvfn_inner.o(.text) refers to defsig_general.o(.text) for __default_signal_display
    defsig_cppl_inner.o(.text) refers to defsig_general.o(.text) for __default_signal_display
    defsig_segv_inner.o(.text) refers to defsig_general.o(.text) for __default_signal_display
    defsig_other.o(.text) refers to defsig_general.o(.text) for __default_signal_display


==============================================================================

Removing Unused input sections from the image.

    Removing main.o(.text), (0 bytes).
    Removing main.o(.ARM.exidx.text.main), (8 bytes).
    Removing main.o(.ARM.exidx.text.init), (8 bytes).
    Removing main.o(.ARM.exidx.text.loop), (8 bytes).
    Removing main.o(.text.delay), (24 bytes).
    Removing main.o(.ARM.exidx.text.delay), (8 bytes).
    Removing main.o(.ARM.exidx.text.SysTick_Config), (8 bytes).
    Removing main.o(.ARM.exidx.text.SysTick_Handler), (8 bytes).
    Removing main.o(.ARM.exidx.text.GyroUpdate), (8 bytes).
    Removing main.o(.ARM.exidx.text.__NVIC_SetPriority), (8 bytes).
    Removing main.o(.ARM.use_no_argv), (4 bytes).
    Removing pushbutton.o(.text), (0 bytes).
    Removing pushbutton.o(.text.PushButtonCtor), (80 bytes).
    Removing pushbutton.o(.ARM.exidx.text.PushButtonCtor), (8 bytes).
    Removing pushbutton.o(.text.FrontUpDownToggle), (40 bytes).
    Removing pushbutton.o(.ARM.exidx.text.FrontUpDownToggle), (8 bytes).
    Removing pushbutton.o(.text.FrontUpSwitchHandler), (36 bytes).
    Removing pushbutton.o(.ARM.exidx.text.FrontUpSwitchHandler), (8 bytes).
    Removing pushbutton.o(.text.PushButtonUpdate), (136 bytes).
    Removing pushbutton.o(.ARM.exidx.text.PushButtonUpdate), (8 bytes).
    Removing matrix.o(.text), (0 bytes).
    Removing matrix.o(.text.MatrixInit), (168 bytes).
    Removing matrix.o(.ARM.exidx.text.MatrixInit), (8 bytes).
    Removing matrix.o(.text.__NVIC_EnableIRQ), (44 bytes).
    Removing matrix.o(.ARM.exidx.text.__NVIC_EnableIRQ), (8 bytes).
    Removing matrix.o(.ARM.exidx.text.SPI2_IRQHandler), (8 bytes).
    Removing matrix.o(.text.DrawNum), (828 bytes).
    Removing matrix.o(.ARM.exidx.text.DrawNum), (8 bytes).
    Removing matrix.o(.text.MatrixSwapBuffers), (32 bytes).
    Removing matrix.o(.ARM.exidx.text.MatrixSwapBuffers), (8 bytes).
    Removing matrix.o(.text.MatrixSetRow), (28 bytes).
    Removing matrix.o(.ARM.exidx.text.MatrixSetRow), (8 bytes).
    Removing matrix.o(.text.MatrixSetBit), (32 bytes).
    Removing matrix.o(.ARM.exidx.text.MatrixSetBit), (8 bytes).
    Removing matrix.o(.text.MatrixClear), (44 bytes).
    Removing matrix.o(.ARM.exidx.text.MatrixClear), (8 bytes).
    Removing matrix.o(.data.editBuffer), (4 bytes).
    Removing matrix.o(.bss.matrixBuffer2), (8 bytes).
    Removing led.o(.text), (0 bytes).
    Removing led.o(.text.InitLED), (84 bytes).
    Removing led.o(.ARM.exidx.text.InitLED), (8 bytes).
    Removing led.o(.text.LEDswitchLight), (140 bytes).
    Removing led.o(.ARM.exidx.text.LEDswitchLight), (8 bytes).
    Removing led.o(.rodata.RED_L), (4 bytes).
    Removing led.o(.rodata.GREEN_L), (4 bytes).
    Removing led.o(.rodata.BLUE_L), (4 bytes).
    Removing led.o(.rodata.YELLOW_L), (4 bytes).
    Removing led.o(.rodata.ALL_L), (4 bytes).
    Removing usart.o(.text), (0 bytes).
    Removing usart.o(.ARM.exidx.text.UsartInitTransmiter), (8 bytes).
    Removing usart.o(.text.UsartInitReciever), (32 bytes).
    Removing usart.o(.ARM.exidx.text.UsartInitReciever), (8 bytes).
    Removing usart.o(.ARM.exidx.text.UsartTransmit), (8 bytes).
    Removing usart.o(.text.UsartReceive), (36 bytes).
    Removing usart.o(.ARM.exidx.text.UsartReceive), (8 bytes).
    Removing usart.o(.ARM.exidx.text.GeneralInit), (8 bytes).
    Removing adc.o(.text), (0 bytes).
    Removing adc.o(.text.ADCInit), (228 bytes).
    Removing adc.o(.ARM.exidx.text.ADCInit), (8 bytes).
    Removing adc.o(.text.__NVIC_EnableIRQ), (44 bytes).
    Removing adc.o(.ARM.exidx.text.__NVIC_EnableIRQ), (8 bytes).
    Removing adc.o(.text.__NVIC_SetPriority), (136 bytes).
    Removing adc.o(.ARM.exidx.text.__NVIC_SetPriority), (8 bytes).
    Removing adc.o(.ARM.exidx.text.DMA1_Channel1_IRQHandler), (8 bytes).
    Removing adc.o(.text.ADC_Update), (72 bytes).
    Removing adc.o(.ARM.exidx.text.ADC_Update), (8 bytes).
    Removing adc.o(.bss.ADC_Val), (2 bytes).
    Removing adc.o(.bss.ADC_Buffer), (64 bytes).
    Removing l3gd20.o(.text), (0 bytes).
    Removing l3gd20.o(.ARM.exidx.text.GyroWriteReg), (8 bytes).
    Removing l3gd20.o(.ARM.exidx.text.SendData), (8 bytes).
    Removing l3gd20.o(.ARM.exidx.text.GyroReadReg), (8 bytes).
    Removing l3gd20.o(.ARM.exidx.text.GyroInit), (8 bytes).
    Removing l3gd20.o(.ARM.exidx.text.__SPIInit), (8 bytes).
    Removing system_stm32f0xx.o(.text), (0 bytes).
    Removing system_stm32f0xx.o(.ARM.exidx.text.SystemInit), (8 bytes).
    Removing system_stm32f0xx.o(.ARM.exidx.text.SystemCoreClockUpdate), (8 bytes).
    Removing system_stm32f0xx.o(.rodata.APBPrescTable), (8 bytes).

78 unused section(s) (total 2686 bytes) removed from the image.

==============================================================================

Image Symbol Table

    Local Symbols

    Symbol Name                              Value     Ov Type        Size  Object(Section)

    ../clib/angel/boardlib.s                 0x00000000   Number         0  boardinit1.o ABSOLUTE
    ../clib/angel/boardlib.s                 0x00000000   Number         0  boardinit2.o ABSOLUTE
    ../clib/angel/boardlib.s                 0x00000000   Number         0  boardinit3.o ABSOLUTE
    ../clib/angel/boardlib.s                 0x00000000   Number         0  boardshut.o ABSOLUTE
    ../clib/angel/handlers.s                 0x00000000   Number         0  __scatter_copy.o ABSOLUTE
    ../clib/angel/handlers.s                 0x00000000   Number         0  __scatter_zi.o ABSOLUTE
    ../clib/angel/kernel.s                   0x00000000   Number         0  __rtentry.o ABSOLUTE
    ../clib/angel/kernel.s                   0x00000000   Number         0  __rtentry2.o ABSOLUTE
    ../clib/angel/kernel.s                   0x00000000   Number         0  __rtentry4.o ABSOLUTE
    ../clib/angel/kernel.s                   0x00000000   Number         0  rtexit.o ABSOLUTE
    ../clib/angel/kernel.s                   0x00000000   Number         0  rtexit2.o ABSOLUTE
    ../clib/angel/rt.s                       0x00000000   Number         0  aeabi_idiv0.o ABSOLUTE
    ../clib/angel/rt.s                       0x00000000   Number         0  aeabi_idiv0_sigfpe.o ABSOLUTE
    ../clib/angel/rt.s                       0x00000000   Number         0  rt_div0.o ABSOLUTE
    ../clib/angel/rt.s                       0x00000000   Number         0  rt_raise.o ABSOLUTE
    ../clib/angel/scatterp.s                 0x00000000   Number         0  __scatter.o ABSOLUTE
    ../clib/angel/startup.s                  0x00000000   Number         0  __main.o ABSOLUTE
    ../clib/angel/sys.s                      0x00000000   Number         0  sys_stackheap_outer.o ABSOLUTE
    ../clib/angel/sys.s                      0x00000000   Number         0  libspace.o ABSOLUTE
    ../clib/angel/sys.s                      0x00000000   Number         0  tempstk.o ABSOLUTE
    ../clib/angel/sys.s                      0x00000000   Number         0  use_no_semi.o ABSOLUTE
    ../clib/angel/sys.s                      0x00000000   Number         0  indicate_semi.o ABSOLUTE
    ../clib/angel/sysapp.c                   0x00000000   Number         0  sys_exit.o ABSOLUTE
    ../clib/angel/sysapp.c                   0x00000000   Number         0  sys_exit_hlt.o ABSOLUTE
    ../clib/angel/sysapp.c                   0x00000000   Number         0  sys_wrch.o ABSOLUTE
    ../clib/angel/sysapp.c                   0x00000000   Number         0  sys_wrch_hlt.o ABSOLUTE
    ../clib/angel/sysapp.c                   0x00000000   Number         0  sys_command.o ABSOLUTE
    ../clib/angel/sysapp.c                   0x00000000   Number         0  sys_command_hlt.o ABSOLUTE
    ../clib/armsys.c                         0x00000000   Number         0  argv_veneer.o ABSOLUTE
    ../clib/armsys.c                         0x00000000   Number         0  _get_argv_nomalloc.o ABSOLUTE
    ../clib/armsys.c                         0x00000000   Number         0  no_argv.o ABSOLUTE
    ../clib/division.s                       0x00000000   Number         0  aeabi_sdiv.o ABSOLUTE
    ../clib/division.s                       0x00000000   Number         0  aeabi_sdiv_div0.o ABSOLUTE
    ../clib/heapalloc.c                      0x00000000   Number         0  hrguard.o ABSOLUTE
    ../clib/heapaux.c                        0x00000000   Number         0  heapauxi.o ABSOLUTE
    ../clib/libinit.s                        0x00000000   Number         0  libinit.o ABSOLUTE
    ../clib/libinit.s                        0x00000000   Number         0  libinit2.o ABSOLUTE
    ../clib/libinit.s                        0x00000000   Number         0  libshutdown.o ABSOLUTE
    ../clib/libinit.s                        0x00000000   Number         0  libshutdown2.o ABSOLUTE
    ../clib/signal.c                         0x00000000   Number         0  defsig_fpe_outer.o ABSOLUTE
    ../clib/signal.c                         0x00000000   Number         0  defsig_fpe_formal.o ABSOLUTE
    ../clib/signal.c                         0x00000000   Number         0  defsig_exit.o ABSOLUTE
    ../clib/signal.c                         0x00000000   Number         0  defsig_fpe_inner.o ABSOLUTE
    ../clib/signal.c                         0x00000000   Number         0  __raise.o ABSOLUTE
    ../clib/signal.c                         0x00000000   Number         0  defsig_general.o ABSOLUTE
    ../clib/signal.c                         0x00000000   Number         0  defsig_abrt_inner.o ABSOLUTE
    ../clib/signal.c                         0x00000000   Number         0  defsig_rtred_inner.o ABSOLUTE
    ../clib/signal.c                         0x00000000   Number         0  defsig_rtmem_inner.o ABSOLUTE
    ../clib/signal.c                         0x00000000   Number         0  defsig_rtmem_outer.o ABSOLUTE
    ../clib/signal.c                         0x00000000   Number         0  defsig_rtmem_formal.o ABSOLUTE
    ../clib/signal.c                         0x00000000   Number         0  defsig_stak_inner.o ABSOLUTE
    ../clib/signal.c                         0x00000000   Number         0  defsig_pvfn_inner.o ABSOLUTE
    ../clib/signal.c                         0x00000000   Number         0  defsig_cppl_inner.o ABSOLUTE
    ../clib/signal.c                         0x00000000   Number         0  defsig_segv_inner.o ABSOLUTE
    ../clib/signal.c                         0x00000000   Number         0  defsig_other.o ABSOLUTE
    ../clib/signal.s                         0x00000000   Number         0  defsig.o ABSOLUTE
    ../clib/stdlib.c                         0x00000000   Number         0  abs.o ABSOLUTE
    ../clib/stdlib.c                         0x00000000   Number         0  exit.o ABSOLUTE
    ../fplib/cfplib/ffix.c                   0x00000000   Number         0  ffixi.o ABSOLUTE
    ../fplib/cfplib/fflt.c                   0x00000000   Number         0  fflti.o ABSOLUTE
    ../fplib/cfplib/fpinit.c                 0x00000000   Number         0  fpinit.o ABSOLUTE
    ../fplib/faddsub6m.s                     0x00000000   Number         0  faddsub.o ABSOLUTE
    ../fplib/fmul6m.s                        0x00000000   Number         0  fmul.o ABSOLUTE
    ../fplib/usenofp.s                       0x00000000   Number         0  usenofp.o ABSOLUTE
    ADC.c                                    0x00000000   Number         0  adc.o ABSOLUTE
    L3GD20.c                                 0x00000000   Number         0  l3gd20.o ABSOLUTE
    Matrix.c                                 0x00000000   Number         0  matrix.o ABSOLUTE
    RTE/Device/STM32F072RBTx/startup_stm32f072xb.s 0x00000000   Number         0  startup_stm32f072xb.o ABSOLUTE
    dc.s                                     0x00000000   Number         0  dc.o ABSOLUTE
    led.c                                    0x00000000   Number         0  led.o ABSOLUTE
    main.c                                   0x00000000   Number         0  main.o ABSOLUTE
    pushbutton.c                             0x00000000   Number         0  pushbutton.o ABSOLUTE
    system_stm32f0xx.c                       0x00000000   Number         0  system_stm32f0xx.o ABSOLUTE
    usart.c                                  0x00000000   Number         0  usart.o ABSOLUTE
    RESET                                    0x08000000   Section      192  startup_stm32f072xb.o(RESET)
    !!!main                                  0x080000c0   Section        8  __main.o(!!!main)
    !!!scatter                               0x080000c8   Section       60  __scatter.o(!!!scatter)
    !!handler_copy                           0x08000104   Section       26  __scatter_copy.o(!!handler_copy)
    !!handler_zi                             0x08000120   Section       28  __scatter_zi.o(!!handler_zi)
    .ARM.Collect$$libinit$$00000000          0x0800013c   Section        2  libinit.o(.ARM.Collect$$libinit$$00000000)
    .ARM.Collect$$libinit$$00000002          0x0800013e   Section        0  libinit2.o(.ARM.Collect$$libinit$$00000002)
    .ARM.Collect$$libinit$$00000004          0x0800013e   Section        0  libinit2.o(.ARM.Collect$$libinit$$00000004)
    .ARM.Collect$$libinit$$0000000A          0x0800013e   Section        0  libinit2.o(.ARM.Collect$$libinit$$0000000A)
    .ARM.Collect$$libinit$$0000000C          0x0800013e   Section        0  libinit2.o(.ARM.Collect$$libinit$$0000000C)
    .ARM.Collect$$libinit$$0000000E          0x0800013e   Section        0  libinit2.o(.ARM.Collect$$libinit$$0000000E)
    .ARM.Collect$$libinit$$00000011          0x0800013e   Section        0  libinit2.o(.ARM.Collect$$libinit$$00000011)
    .ARM.Collect$$libinit$$00000013          0x0800013e   Section        0  libinit2.o(.ARM.Collect$$libinit$$00000013)
    .ARM.Collect$$libinit$$00000015          0x0800013e   Section        0  libinit2.o(.ARM.Collect$$libinit$$00000015)
    .ARM.Collect$$libinit$$00000017          0x0800013e   Section        0  libinit2.o(.ARM.Collect$$libinit$$00000017)
    .ARM.Collect$$libinit$$00000019          0x0800013e   Section        0  libinit2.o(.ARM.Collect$$libinit$$00000019)
    .ARM.Collect$$libinit$$0000001B          0x0800013e   Section        0  libinit2.o(.ARM.Collect$$libinit$$0000001B)
    .ARM.Collect$$libinit$$0000001D          0x0800013e   Section        0  libinit2.o(.ARM.Collect$$libinit$$0000001D)
    .ARM.Collect$$libinit$$0000001F          0x0800013e   Section        0  libinit2.o(.ARM.Collect$$libinit$$0000001F)
    .ARM.Collect$$libinit$$00000021          0x0800013e   Section        0  libinit2.o(.ARM.Collect$$libinit$$00000021)
    .ARM.Collect$$libinit$$00000023          0x0800013e   Section        0  libinit2.o(.ARM.Collect$$libinit$$00000023)
    .ARM.Collect$$libinit$$00000025          0x0800013e   Section        0  libinit2.o(.ARM.Collect$$libinit$$00000025)
    .ARM.Collect$$libinit$$0000002C          0x0800013e   Section        0  libinit2.o(.ARM.Collect$$libinit$$0000002C)
    .ARM.Collect$$libinit$$0000002E          0x0800013e   Section        0  libinit2.o(.ARM.Collect$$libinit$$0000002E)
    .ARM.Collect$$libinit$$00000030          0x0800013e   Section        0  libinit2.o(.ARM.Collect$$libinit$$00000030)
    .ARM.Collect$$libinit$$00000032          0x0800013e   Section        0  libinit2.o(.ARM.Collect$$libinit$$00000032)
    .ARM.Collect$$libinit$$00000033          0x0800013e   Section        2  libinit2.o(.ARM.Collect$$libinit$$00000033)
    .ARM.Collect$$libshutdown$$00000000      0x08000140   Section        2  libshutdown.o(.ARM.Collect$$libshutdown$$00000000)
    .ARM.Collect$$libshutdown$$00000002      0x08000142   Section        0  libshutdown2.o(.ARM.Collect$$libshutdown$$00000002)
    .ARM.Collect$$libshutdown$$00000004      0x08000142   Section        0  libshutdown2.o(.ARM.Collect$$libshutdown$$00000004)
    .ARM.Collect$$libshutdown$$00000007      0x08000142   Section        0  libshutdown2.o(.ARM.Collect$$libshutdown$$00000007)
    .ARM.Collect$$libshutdown$$0000000A      0x08000142   Section        0  libshutdown2.o(.ARM.Collect$$libshutdown$$0000000A)
    .ARM.Collect$$libshutdown$$0000000C      0x08000142   Section        0  libshutdown2.o(.ARM.Collect$$libshutdown$$0000000C)
    .ARM.Collect$$libshutdown$$0000000F      0x08000142   Section        0  libshutdown2.o(.ARM.Collect$$libshutdown$$0000000F)
    .ARM.Collect$$libshutdown$$00000010      0x08000142   Section        2  libshutdown2.o(.ARM.Collect$$libshutdown$$00000010)
    .ARM.Collect$$rtentry$$00000000          0x08000144   Section        0  __rtentry.o(.ARM.Collect$$rtentry$$00000000)
    .ARM.Collect$$rtentry$$00000002          0x08000144   Section        0  __rtentry2.o(.ARM.Collect$$rtentry$$00000002)
    .ARM.Collect$$rtentry$$00000004          0x08000144   Section        6  __rtentry4.o(.ARM.Collect$$rtentry$$00000004)
    .ARM.Collect$$rtentry$$00000009          0x0800014a   Section        0  __rtentry2.o(.ARM.Collect$$rtentry$$00000009)
    .ARM.Collect$$rtentry$$0000000A          0x0800014a   Section        4  __rtentry2.o(.ARM.Collect$$rtentry$$0000000A)
    .ARM.Collect$$rtentry$$0000000C          0x0800014e   Section        0  __rtentry2.o(.ARM.Collect$$rtentry$$0000000C)
    .ARM.Collect$$rtentry$$0000000D          0x0800014e   Section        8  __rtentry2.o(.ARM.Collect$$rtentry$$0000000D)
    .ARM.Collect$$rtexit$$00000000           0x08000156   Section        2  rtexit.o(.ARM.Collect$$rtexit$$00000000)
    .ARM.Collect$$rtexit$$00000002           0x08000158   Section        0  rtexit2.o(.ARM.Collect$$rtexit$$00000002)
    .ARM.Collect$$rtexit$$00000003           0x08000158   Section        4  rtexit2.o(.ARM.Collect$$rtexit$$00000003)
    .ARM.Collect$$rtexit$$00000004           0x0800015c   Section        6  rtexit2.o(.ARM.Collect$$rtexit$$00000004)
    .text                                    0x08000164   Section       56  startup_stm32f072xb.o(.text)
    .text                                    0x0800019c   Section        0  abs.o(.text)
    .text                                    0x080001a4   Section      364  aeabi_sdiv.o(.text)
    .text                                    0x08000310   Section        0  heapauxi.o(.text)
    .text                                    0x08000316   Section        0  ffixi.o(.text)
    .text                                    0x08000362   Section        0  fflti.o(.text)
    .text                                    0x080003c0   Section       62  sys_stackheap_outer.o(.text)
    .text                                    0x080003fe   Section        0  exit.o(.text)
    .text                                    0x08000410   Section        8  libspace.o(.text)
    .text                                    0x08000418   Section        0  sys_exit.o(.text)
    .text                                    0x08000424   Section        2  use_no_semi.o(.text)
    .text                                    0x08000426   Section        0  indicate_semi.o(.text)
    [Anonymous Symbol]                       0x08000428   Section        0  adc.o(.text.DMA1_Channel1_IRQHandler)
    __arm_cp.3_0                             0x0800043c   Number         4  adc.o(.text.DMA1_Channel1_IRQHandler)
    __arm_cp.3_1                             0x08000440   Number         4  adc.o(.text.DMA1_Channel1_IRQHandler)
    GeneralInit                              0x08000445   Thumb Code   140  usart.o(.text.GeneralInit)
    [Anonymous Symbol]                       0x08000444   Section        0  usart.o(.text.GeneralInit)
    __arm_cp.4_0                             0x080004ac   Number         4  usart.o(.text.GeneralInit)
    __arm_cp.4_1                             0x080004b0   Number         4  usart.o(.text.GeneralInit)
    __arm_cp.4_2                             0x080004b4   Number         4  usart.o(.text.GeneralInit)
    __arm_cp.4_3                             0x080004b8   Number         4  usart.o(.text.GeneralInit)
    __arm_cp.4_4                             0x080004bc   Number         4  usart.o(.text.GeneralInit)
    __arm_cp.4_5                             0x080004c0   Number         4  usart.o(.text.GeneralInit)
    __arm_cp.4_6                             0x080004c4   Number         4  usart.o(.text.GeneralInit)
    __arm_cp.4_7                             0x080004c8   Number         4  usart.o(.text.GeneralInit)
    __arm_cp.4_8                             0x080004cc   Number         4  usart.o(.text.GeneralInit)
    [Anonymous Symbol]                       0x080004d0   Section        0  l3gd20.o(.text.GyroInit)
    [Anonymous Symbol]                       0x080004e8   Section        0  l3gd20.o(.text.GyroReadReg)
    [Anonymous Symbol]                       0x08000534   Section        0  main.o(.text.GyroUpdate)
    __arm_cp.6_0                             0x080005b4   Number         4  main.o(.text.GyroUpdate)
    __arm_cp.6_1                             0x080005b8   Number         4  main.o(.text.GyroUpdate)
    __arm_cp.6_2                             0x080005bc   Number         4  main.o(.text.GyroUpdate)
    [Anonymous Symbol]                       0x080005c0   Section        0  l3gd20.o(.text.GyroWriteReg)
    __arm_cp.0_0                             0x08000608   Number         4  l3gd20.o(.text.GyroWriteReg)
    [Anonymous Symbol]                       0x0800060c   Section        0  matrix.o(.text.SPI2_IRQHandler)
    __arm_cp.2_0                             0x08000654   Number         4  matrix.o(.text.SPI2_IRQHandler)
    __arm_cp.2_1                             0x08000658   Number         4  matrix.o(.text.SPI2_IRQHandler)
    __arm_cp.2_2                             0x0800065c   Number         4  matrix.o(.text.SPI2_IRQHandler)
    [Anonymous Symbol]                       0x08000660   Section        0  l3gd20.o(.text.SendData)
    __arm_cp.1_0                             0x08000698   Number         4  l3gd20.o(.text.SendData)
    __arm_cp.1_1                             0x0800069c   Number         4  l3gd20.o(.text.SendData)
    SysTick_Config                           0x080006a1   Thumb Code    84  main.o(.text.SysTick_Config)
    [Anonymous Symbol]                       0x080006a0   Section        0  main.o(.text.SysTick_Config)
    __arm_cp.4_0                             0x080006e8   Number         4  main.o(.text.SysTick_Config)
    __arm_cp.4_1                             0x080006ec   Number         4  main.o(.text.SysTick_Config)
    __arm_cp.4_2                             0x080006f0   Number         4  main.o(.text.SysTick_Config)
    [Anonymous Symbol]                       0x080006f4   Section        0  main.o(.text.SysTick_Handler)
    __arm_cp.5_0                             0x080006fc   Number         4  main.o(.text.SysTick_Handler)
    [Anonymous Symbol]                       0x08000700   Section        0  system_stm32f0xx.o(.text.SystemCoreClockUpdate)
    __arm_cp.1_0                             0x080007e0   Number         4  system_stm32f0xx.o(.text.SystemCoreClockUpdate)
    __arm_cp.1_1                             0x080007e4   Number         4  system_stm32f0xx.o(.text.SystemCoreClockUpdate)
    __arm_cp.1_2                             0x080007e8   Number         4  system_stm32f0xx.o(.text.SystemCoreClockUpdate)
    __arm_cp.1_4                             0x080007ec   Number         4  system_stm32f0xx.o(.text.SystemCoreClockUpdate)
    __arm_cp.1_5                             0x080007f0   Number         4  system_stm32f0xx.o(.text.SystemCoreClockUpdate)
    [Anonymous Symbol]                       0x080007f4   Section        0  system_stm32f0xx.o(.text.SystemInit)
    [Anonymous Symbol]                       0x080007f8   Section        0  usart.o(.text.UsartInitTransmiter)
    __arm_cp.0_0                             0x0800080c   Number         4  usart.o(.text.UsartInitTransmiter)
    __arm_cp.0_1                             0x08000810   Number         4  usart.o(.text.UsartInitTransmiter)
    __arm_cp.0_2                             0x08000814   Number         4  usart.o(.text.UsartInitTransmiter)
    [Anonymous Symbol]                       0x08000818   Section        0  usart.o(.text.UsartTransmit)
    __arm_cp.2_0                             0x0800083c   Number         4  usart.o(.text.UsartTransmit)
    __arm_cp.2_1                             0x08000840   Number         4  usart.o(.text.UsartTransmit)
    __NVIC_SetPriority                       0x08000845   Thumb Code   136  main.o(.text.__NVIC_SetPriority)
    [Anonymous Symbol]                       0x08000844   Section        0  main.o(.text.__NVIC_SetPriority)
    __arm_cp.7_0                             0x080008c4   Number         4  main.o(.text.__NVIC_SetPriority)
    __arm_cp.7_1                             0x080008c8   Number         4  main.o(.text.__NVIC_SetPriority)
    __SPIInit                                0x080008cd   Thumb Code   168  l3gd20.o(.text.__SPIInit)
    [Anonymous Symbol]                       0x080008cc   Section        0  l3gd20.o(.text.__SPIInit)
    __arm_cp.4_0                             0x08000940   Number         4  l3gd20.o(.text.__SPIInit)
    __arm_cp.4_1                             0x08000944   Number         4  l3gd20.o(.text.__SPIInit)
    __arm_cp.4_2                             0x08000948   Number         4  l3gd20.o(.text.__SPIInit)
    __arm_cp.4_3                             0x0800094c   Number         4  l3gd20.o(.text.__SPIInit)
    __arm_cp.4_4                             0x08000950   Number         4  l3gd20.o(.text.__SPIInit)
    __arm_cp.4_5                             0x08000954   Number         4  l3gd20.o(.text.__SPIInit)
    __arm_cp.4_6                             0x08000958   Number         4  l3gd20.o(.text.__SPIInit)
    __arm_cp.4_7                             0x0800095c   Number         4  l3gd20.o(.text.__SPIInit)
    __arm_cp.4_8                             0x08000960   Number         4  l3gd20.o(.text.__SPIInit)
    __arm_cp.4_9                             0x08000964   Number         4  l3gd20.o(.text.__SPIInit)
    __arm_cp.4_10                            0x08000968   Number         4  l3gd20.o(.text.__SPIInit)
    __arm_cp.4_11                            0x0800096c   Number         4  l3gd20.o(.text.__SPIInit)
    __arm_cp.4_12                            0x08000970   Number         4  l3gd20.o(.text.__SPIInit)
    [Anonymous Symbol]                       0x08000974   Section        0  main.o(.text.init)
    __arm_cp.1_0                             0x08000994   Number         4  main.o(.text.init)
    __arm_cp.1_1                             0x08000998   Number         4  main.o(.text.init)
    [Anonymous Symbol]                       0x0800099c   Section        0  main.o(.text.loop)
    __arm_cp.2_0                             0x08000a24   Number         4  main.o(.text.loop)
    __arm_cp.2_1                             0x08000a28   Number         4  main.o(.text.loop)
    __arm_cp.2_2                             0x08000a2c   Number         4  main.o(.text.loop)
    [Anonymous Symbol]                       0x08000a30   Section        0  main.o(.text.main)
    x$fpl$fadd                               0x08000a44   Section      140  faddsub.o(x$fpl$fadd)
    _fadd1                                   0x08000a51   Thumb Code     0  faddsub.o(x$fpl$fadd)
    x$fpl$fmul                               0x08000ad0   Section      176  fmul.o(x$fpl$fmul)
    x$fpl$fsub                               0x08000b80   Section      208  faddsub.o(x$fpl$fsub)
    _fsub1                                   0x08000b8d   Thumb Code     0  faddsub.o(x$fpl$fsub)
    x$fpl$usenofp                            0x08000c50   Section        0  usenofp.o(x$fpl$usenofp)
    drawBuffer                               0x20000004   Data           4  matrix.o(.data.drawBuffer)
    [Anonymous Symbol]                       0x20000004   Section        0  matrix.o(.data.drawBuffer)
    .bss                                     0x20000008   Section       96  libspace.o(.bss)
    SPI2_IRQHandler.curRow                   0x2000006c   Data           4  matrix.o(.bss.SPI2_IRQHandler.curRow)
    [Anonymous Symbol]                       0x2000006c   Section        0  matrix.o(.bss.SPI2_IRQHandler.curRow)
    matrixBuffer1                            0x20000070   Data           8  matrix.o(.bss.matrixBuffer1)
    [Anonymous Symbol]                       0x20000070   Section        0  matrix.o(.bss.matrixBuffer1)
    Heap_Mem                                 0x20000080   Data         512  startup_stm32f072xb.o(HEAP)
    HEAP                                     0x20000080   Section      512  startup_stm32f072xb.o(HEAP)
    Stack_Mem                                0x20000280   Data        1024  startup_stm32f072xb.o(STACK)
    STACK                                    0x20000280   Section     1024  startup_stm32f072xb.o(STACK)
    __initial_sp                             0x20000680   Data           0  startup_stm32f072xb.o(STACK)

    Global Symbols

    Symbol Name                              Value     Ov Type        Size  Object(Section)

    BuildAttributes$$THM_ISAv3M$S$PE$A:L22$X:L11$S22$IEEE1$IW$~IW$USESV6$~STKCKD$USESV7$~SHL$OSPACE$ROPI$EBA8$UX$STANDARDLIB$REQ8$PRES8$EABIv2 0x00000000   Number         0  anon$$obj.o ABSOLUTE
    __ARM_exceptions_init                     - Undefined Weak Reference
    __alloca_initialize                       - Undefined Weak Reference
    __arm_preinit_                            - Undefined Weak Reference
    __cpp_initialize__aeabi_                  - Undefined Weak Reference
    __cxa_finalize                            - Undefined Weak Reference
    __rt_locale                               - Undefined Weak Reference
    __sigvec_lookup                           - Undefined Weak Reference
    _atexit_init                              - Undefined Weak Reference
    _call_atexit_fns                          - Undefined Weak Reference
    _clock_init                               - Undefined Weak Reference
    _fp_trap_init                             - Undefined Weak Reference
    _fp_trap_shutdown                         - Undefined Weak Reference
    _get_lc_collate                           - Undefined Weak Reference
    _get_lc_ctype                             - Undefined Weak Reference
    _get_lc_monetary                          - Undefined Weak Reference
    _get_lc_numeric                           - Undefined Weak Reference
    _get_lc_time                              - Undefined Weak Reference
    _getenv_init                              - Undefined Weak Reference
    _handle_redirection                       - Undefined Weak Reference
    _init_alloc                               - Undefined Weak Reference
    _init_user_alloc                          - Undefined Weak Reference
    _initio                                   - Undefined Weak Reference
    _rand_init                                - Undefined Weak Reference
    _signal_finish                            - Undefined Weak Reference
    _signal_init                              - Undefined Weak Reference
    _terminate_alloc                          - Undefined Weak Reference
    _terminate_user_alloc                     - Undefined Weak Reference
    _terminateio                              - Undefined Weak Reference
    __Vectors_Size                           0x000000c0   Number         0  startup_stm32f072xb.o ABSOLUTE
    __Vectors                                0x08000000   Data           4  startup_stm32f072xb.o(RESET)
    __Vectors_End                            0x080000c0   Data           0  startup_stm32f072xb.o(RESET)
    __main                                   0x080000c1   Thumb Code     8  __main.o(!!!main)
    __scatterload                            0x080000c9   Thumb Code     0  __scatter.o(!!!scatter)
    __scatterload_rt2                        0x080000c9   Thumb Code    52  __scatter.o(!!!scatter)
    __scatterload_rt2_thumb_only             0x080000c9   Thumb Code     0  __scatter.o(!!!scatter)
    __scatterload_null                       0x080000d9   Thumb Code     0  __scatter.o(!!!scatter)
    __scatterload_copy                       0x08000105   Thumb Code    26  __scatter_copy.o(!!handler_copy)
    __scatterload_zeroinit                   0x08000121   Thumb Code    28  __scatter_zi.o(!!handler_zi)
    __rt_lib_init                            0x0800013d   Thumb Code     0  libinit.o(.ARM.Collect$$libinit$$00000000)
    __rt_lib_init_alloca_1                   0x0800013f   Thumb Code     0  libinit2.o(.ARM.Collect$$libinit$$0000002E)
    __rt_lib_init_argv_1                     0x0800013f   Thumb Code     0  libinit2.o(.ARM.Collect$$libinit$$0000002C)
    __rt_lib_init_atexit_1                   0x0800013f   Thumb Code     0  libinit2.o(.ARM.Collect$$libinit$$0000001B)
    __rt_lib_init_clock_1                    0x0800013f   Thumb Code     0  libinit2.o(.ARM.Collect$$libinit$$00000021)
    __rt_lib_init_cpp_1                      0x0800013f   Thumb Code     0  libinit2.o(.ARM.Collect$$libinit$$00000032)
    __rt_lib_init_exceptions_1               0x0800013f   Thumb Code     0  libinit2.o(.ARM.Collect$$libinit$$00000030)
    __rt_lib_init_fp_1                       0x0800013f   Thumb Code     0  libinit2.o(.ARM.Collect$$libinit$$00000002)
    __rt_lib_init_fp_trap_1                  0x0800013f   Thumb Code     0  libinit2.o(.ARM.Collect$$libinit$$0000001F)
    __rt_lib_init_getenv_1                   0x0800013f   Thumb Code     0  libinit2.o(.ARM.Collect$$libinit$$00000023)
    __rt_lib_init_heap_1                     0x0800013f   Thumb Code     0  libinit2.o(.ARM.Collect$$libinit$$0000000A)
    __rt_lib_init_lc_collate_1               0x0800013f   Thumb Code     0  libinit2.o(.ARM.Collect$$libinit$$00000011)
    __rt_lib_init_lc_ctype_1                 0x0800013f   Thumb Code     0  libinit2.o(.ARM.Collect$$libinit$$00000013)
    __rt_lib_init_lc_monetary_1              0x0800013f   Thumb Code     0  libinit2.o(.ARM.Collect$$libinit$$00000015)
    __rt_lib_init_lc_numeric_1               0x0800013f   Thumb Code     0  libinit2.o(.ARM.Collect$$libinit$$00000017)
    __rt_lib_init_lc_time_1                  0x0800013f   Thumb Code     0  libinit2.o(.ARM.Collect$$libinit$$00000019)
    __rt_lib_init_preinit_1                  0x0800013f   Thumb Code     0  libinit2.o(.ARM.Collect$$libinit$$00000004)
    __rt_lib_init_rand_1                     0x0800013f   Thumb Code     0  libinit2.o(.ARM.Collect$$libinit$$0000000E)
    __rt_lib_init_return                     0x0800013f   Thumb Code     0  libinit2.o(.ARM.Collect$$libinit$$00000033)
    __rt_lib_init_signal_1                   0x0800013f   Thumb Code     0  libinit2.o(.ARM.Collect$$libinit$$0000001D)
    __rt_lib_init_stdio_1                    0x0800013f   Thumb Code     0  libinit2.o(.ARM.Collect$$libinit$$00000025)
    __rt_lib_init_user_alloc_1               0x0800013f   Thumb Code     0  libinit2.o(.ARM.Collect$$libinit$$0000000C)
    __rt_lib_shutdown                        0x08000141   Thumb Code     0  libshutdown.o(.ARM.Collect$$libshutdown$$00000000)
    __rt_lib_shutdown_cpp_1                  0x08000143   Thumb Code     0  libshutdown2.o(.ARM.Collect$$libshutdown$$00000002)
    __rt_lib_shutdown_fp_trap_1              0x08000143   Thumb Code     0  libshutdown2.o(.ARM.Collect$$libshutdown$$00000007)
    __rt_lib_shutdown_heap_1                 0x08000143   Thumb Code     0  libshutdown2.o(.ARM.Collect$$libshutdown$$0000000F)
    __rt_lib_shutdown_return                 0x08000143   Thumb Code     0  libshutdown2.o(.ARM.Collect$$libshutdown$$00000010)
    __rt_lib_shutdown_signal_1               0x08000143   Thumb Code     0  libshutdown2.o(.ARM.Collect$$libshutdown$$0000000A)
    __rt_lib_shutdown_stdio_1                0x08000143   Thumb Code     0  libshutdown2.o(.ARM.Collect$$libshutdown$$00000004)
    __rt_lib_shutdown_user_alloc_1           0x08000143   Thumb Code     0  libshutdown2.o(.ARM.Collect$$libshutdown$$0000000C)
    __rt_entry                               0x08000145   Thumb Code     0  __rtentry.o(.ARM.Collect$$rtentry$$00000000)
    __rt_entry_presh_1                       0x08000145   Thumb Code     0  __rtentry2.o(.ARM.Collect$$rtentry$$00000002)
    __rt_entry_sh                            0x08000145   Thumb Code     0  __rtentry4.o(.ARM.Collect$$rtentry$$00000004)
    __rt_entry_li                            0x0800014b   Thumb Code     0  __rtentry2.o(.ARM.Collect$$rtentry$$0000000A)
    __rt_entry_postsh_1                      0x0800014b   Thumb Code     0  __rtentry2.o(.ARM.Collect$$rtentry$$00000009)
    __rt_entry_main                          0x0800014f   Thumb Code     0  __rtentry2.o(.ARM.Collect$$rtentry$$0000000D)
    __rt_entry_postli_1                      0x0800014f   Thumb Code     0  __rtentry2.o(.ARM.Collect$$rtentry$$0000000C)
    __rt_exit                                0x08000157   Thumb Code     0  rtexit.o(.ARM.Collect$$rtexit$$00000000)
    __rt_exit_ls                             0x08000159   Thumb Code     0  rtexit2.o(.ARM.Collect$$rtexit$$00000003)
    __rt_exit_prels_1                        0x08000159   Thumb Code     0  rtexit2.o(.ARM.Collect$$rtexit$$00000002)
    __rt_exit_exit                           0x0800015d   Thumb Code     0  rtexit2.o(.ARM.Collect$$rtexit$$00000004)
    Reset_Handler                            0x08000165   Thumb Code     8  startup_stm32f072xb.o(.text)
    NMI_Handler                              0x0800016d   Thumb Code     2  startup_stm32f072xb.o(.text)
    HardFault_Handler                        0x0800016f   Thumb Code     2  startup_stm32f072xb.o(.text)
    SVC_Handler                              0x08000171   Thumb Code     2  startup_stm32f072xb.o(.text)
    PendSV_Handler                           0x08000173   Thumb Code     2  startup_stm32f072xb.o(.text)
    ADC1_COMP_IRQHandler                     0x08000177   Thumb Code     0  startup_stm32f072xb.o(.text)
    CEC_CAN_IRQHandler                       0x08000177   Thumb Code     0  startup_stm32f072xb.o(.text)
    DMA1_Channel2_3_IRQHandler               0x08000177   Thumb Code     0  startup_stm32f072xb.o(.text)
    DMA1_Channel4_5_6_7_IRQHandler           0x08000177   Thumb Code     0  startup_stm32f072xb.o(.text)
    EXTI0_1_IRQHandler                       0x08000177   Thumb Code     0  startup_stm32f072xb.o(.text)
    EXTI2_3_IRQHandler                       0x08000177   Thumb Code     0  startup_stm32f072xb.o(.text)
    EXTI4_15_IRQHandler                      0x08000177   Thumb Code     0  startup_stm32f072xb.o(.text)
    FLASH_IRQHandler                         0x08000177   Thumb Code     0  startup_stm32f072xb.o(.text)
    I2C1_IRQHandler                          0x08000177   Thumb Code     0  startup_stm32f072xb.o(.text)
    I2C2_IRQHandler                          0x08000177   Thumb Code     0  startup_stm32f072xb.o(.text)
    PVD_VDDIO2_IRQHandler                    0x08000177   Thumb Code     0  startup_stm32f072xb.o(.text)
    RCC_CRS_IRQHandler                       0x08000177   Thumb Code     0  startup_stm32f072xb.o(.text)
    RTC_IRQHandler                           0x08000177   Thumb Code     0  startup_stm32f072xb.o(.text)
    SPI1_IRQHandler                          0x08000177   Thumb Code     0  startup_stm32f072xb.o(.text)
    TIM14_IRQHandler                         0x08000177   Thumb Code     0  startup_stm32f072xb.o(.text)
    TIM15_IRQHandler                         0x08000177   Thumb Code     0  startup_stm32f072xb.o(.text)
    TIM16_IRQHandler                         0x08000177   Thumb Code     0  startup_stm32f072xb.o(.text)
    TIM17_IRQHandler                         0x08000177   Thumb Code     0  startup_stm32f072xb.o(.text)
    TIM1_BRK_UP_TRG_COM_IRQHandler           0x08000177   Thumb Code     0  startup_stm32f072xb.o(.text)
    TIM1_CC_IRQHandler                       0x08000177   Thumb Code     0  startup_stm32f072xb.o(.text)
    TIM2_IRQHandler                          0x08000177   Thumb Code     0  startup_stm32f072xb.o(.text)
    TIM3_IRQHandler                          0x08000177   Thumb Code     0  startup_stm32f072xb.o(.text)
    TIM6_DAC_IRQHandler                      0x08000177   Thumb Code     0  startup_stm32f072xb.o(.text)
    TIM7_IRQHandler                          0x08000177   Thumb Code     0  startup_stm32f072xb.o(.text)
    TSC_IRQHandler                           0x08000177   Thumb Code     0  startup_stm32f072xb.o(.text)
    USART1_IRQHandler                        0x08000177   Thumb Code     0  startup_stm32f072xb.o(.text)
    USART2_IRQHandler                        0x08000177   Thumb Code     0  startup_stm32f072xb.o(.text)
    USART3_4_IRQHandler                      0x08000177   Thumb Code     0  startup_stm32f072xb.o(.text)
    USB_IRQHandler                           0x08000177   Thumb Code     0  startup_stm32f072xb.o(.text)
    WWDG_IRQHandler                          0x08000177   Thumb Code     0  startup_stm32f072xb.o(.text)
    __user_initial_stackheap                 0x08000179   Thumb Code     0  startup_stm32f072xb.o(.text)
    abs                                      0x0800019d   Thumb Code     8  abs.o(.text)
    __aeabi_uidiv                            0x080001a5   Thumb Code     0  aeabi_sdiv.o(.text)
    __aeabi_uidivmod                         0x080001a5   Thumb Code    20  aeabi_sdiv.o(.text)
    __aeabi_idiv                             0x080001b9   Thumb Code     0  aeabi_sdiv.o(.text)
    __aeabi_idivmod                          0x080001b9   Thumb Code   338  aeabi_sdiv.o(.text)
    __use_two_region_memory                  0x08000311   Thumb Code     2  heapauxi.o(.text)
    __rt_heap_escrow$2region                 0x08000313   Thumb Code     2  heapauxi.o(.text)
    __rt_heap_expand$2region                 0x08000315   Thumb Code     2  heapauxi.o(.text)
    __aeabi_f2iz                             0x08000317   Thumb Code     0  ffixi.o(.text)
    _ffix                                    0x08000317   Thumb Code    76  ffixi.o(.text)
    __aeabi_i2f_normalise                    0x08000363   Thumb Code    72  fflti.o(.text)
    __aeabi_i2f                              0x080003ab   Thumb Code    16  fflti.o(.text)
    _fflt                                    0x080003ab   Thumb Code     0  fflti.o(.text)
    __aeabi_ui2f                             0x080003bb   Thumb Code     6  fflti.o(.text)
    _ffltu                                   0x080003bb   Thumb Code     0  fflti.o(.text)
    __user_setup_stackheap                   0x080003c1   Thumb Code    62  sys_stackheap_outer.o(.text)
    exit                                     0x080003ff   Thumb Code    16  exit.o(.text)
    __user_libspace                          0x08000411   Thumb Code     8  libspace.o(.text)
    __user_perproc_libspace                  0x08000411   Thumb Code     0  libspace.o(.text)
    __user_perthread_libspace                0x08000411   Thumb Code     0  libspace.o(.text)
    _sys_exit                                0x08000419   Thumb Code     8  sys_exit.o(.text)
    __I$use$semihosting                      0x08000425   Thumb Code     0  use_no_semi.o(.text)
    __use_no_semihosting_swi                 0x08000425   Thumb Code     2  use_no_semi.o(.text)
    __semihosting_library_function           0x08000427   Thumb Code     0  indicate_semi.o(.text)
    DMA1_Channel1_IRQHandler                 0x08000429   Thumb Code    28  adc.o(.text.DMA1_Channel1_IRQHandler)
    GyroInit                                 0x080004d1   Thumb Code    24  l3gd20.o(.text.GyroInit)
    GyroReadReg                              0x080004e9   Thumb Code    76  l3gd20.o(.text.GyroReadReg)
    GyroUpdate                               0x08000535   Thumb Code   140  main.o(.text.GyroUpdate)
    GyroWriteReg                             0x080005c1   Thumb Code    76  l3gd20.o(.text.GyroWriteReg)
    SPI2_IRQHandler                          0x0800060d   Thumb Code    84  matrix.o(.text.SPI2_IRQHandler)
    SendData                                 0x08000661   Thumb Code    64  l3gd20.o(.text.SendData)
    SysTick_Handler                          0x080006f5   Thumb Code    12  main.o(.text.SysTick_Handler)
    SystemCoreClockUpdate                    0x08000701   Thumb Code   244  system_stm32f0xx.o(.text.SystemCoreClockUpdate)
    SystemInit                               0x080007f5   Thumb Code     2  system_stm32f0xx.o(.text.SystemInit)
    UsartInitTransmiter                      0x080007f9   Thumb Code    32  usart.o(.text.UsartInitTransmiter)
    UsartTransmit                            0x08000819   Thumb Code    44  usart.o(.text.UsartTransmit)
    init                                     0x08000975   Thumb Code    40  main.o(.text.init)
    loop                                     0x0800099d   Thumb Code   148  main.o(.text.loop)
    main                                     0x08000a31   Thumb Code    20  main.o(.text.main)
    __aeabi_fadd                             0x08000a45   Thumb Code     0  faddsub.o(x$fpl$fadd)
    _fadd                                    0x08000a45   Thumb Code   134  faddsub.o(x$fpl$fadd)
    __aeabi_fmul                             0x08000ad1   Thumb Code     0  fmul.o(x$fpl$fmul)
    _fmul                                    0x08000ad1   Thumb Code   172  fmul.o(x$fpl$fmul)
    __aeabi_fsub                             0x08000b81   Thumb Code     0  faddsub.o(x$fpl$fsub)
    _fsub                                    0x08000b81   Thumb Code   204  faddsub.o(x$fpl$fsub)
    AHBPrescTable                            0x08000c50   Data          16  system_stm32f0xx.o(.rodata.AHBPrescTable)
    __I$use$fp                               0x08000c50   Number         0  usenofp.o(x$fpl$usenofp)
    Region$$Table$$Base                      0x08000c60   Number         0  anon$$obj.o(Region$$Table)
    Region$$Table$$Limit                     0x08000c80   Number         0  anon$$obj.o(Region$$Table)
    SystemCoreClock                          0x20000000   Data           4  system_stm32f0xx.o(.data.SystemCoreClock)
    __libspace_start                         0x20000008   Data          96  libspace.o(.bss)
    ADC_DMA_Ready                            0x20000068   Data           1  adc.o(.bss.ADC_DMA_Ready)
    __temporary_stack_top$libspace           0x20000068   Data           0  libspace.o(.bss)
    timerFlag                                0x20000078   Data           1  main.o(.bss.timerFlag)
    zAngle                                   0x2000007c   Data           4  main.o(.bss.zAngle)



==============================================================================

Memory Map of the image

  Image Entry point : 0x08000165

  Load Region LR_1 (Base: 0x08000000, Size: 0x00000c88, Max: 0xffffffff, ABSOLUTE)

    Execution Region ER_RO (Exec base: 0x08000000, Load base: 0x08000000, Size: 0x00000c80, Max: 0xffffffff, ABSOLUTE)

    Exec Addr    Load Addr    Size         Type   Attr      Idx    E Section Name        Object

    0x08000000   0x08000000   0x000000c0   Data   RO          142    RESET               startup_stm32f072xb.o
    0x080000c0   0x080000c0   0x00000008   Code   RO          173  * !!!main             c_p.l(__main.o)
    0x080000c8   0x080000c8   0x0000003c   Code   RO          361    !!!scatter          c_p.l(__scatter.o)
    0x08000104   0x08000104   0x0000001a   Code   RO          363    !!handler_copy      c_p.l(__scatter_copy.o)
    0x0800011e   0x0800011e   0x00000002   PAD
    0x08000120   0x08000120   0x0000001c   Code   RO          365    !!handler_zi        c_p.l(__scatter_zi.o)
    0x0800013c   0x0800013c   0x00000002   Code   RO          224    .ARM.Collect$$libinit$$00000000  c_p.l(libinit.o)
    0x0800013e   0x0800013e   0x00000000   Code   RO          238    .ARM.Collect$$libinit$$00000002  c_p.l(libinit2.o)
    0x0800013e   0x0800013e   0x00000000   Code   RO          240    .ARM.Collect$$libinit$$00000004  c_p.l(libinit2.o)
    0x0800013e   0x0800013e   0x00000000   Code   RO          243    .ARM.Collect$$libinit$$0000000A  c_p.l(libinit2.o)
    0x0800013e   0x0800013e   0x00000000   Code   RO          245    .ARM.Collect$$libinit$$0000000C  c_p.l(libinit2.o)
    0x0800013e   0x0800013e   0x00000000   Code   RO          247    .ARM.Collect$$libinit$$0000000E  c_p.l(libinit2.o)
    0x0800013e   0x0800013e   0x00000000   Code   RO          250    .ARM.Collect$$libinit$$00000011  c_p.l(libinit2.o)
    0x0800013e   0x0800013e   0x00000000   Code   RO          252    .ARM.Collect$$libinit$$00000013  c_p.l(libinit2.o)
    0x0800013e   0x0800013e   0x00000000   Code   RO          254    .ARM.Collect$$libinit$$00000015  c_p.l(libinit2.o)
    0x0800013e   0x0800013e   0x00000000   Code   RO          256    .ARM.Collect$$libinit$$00000017  c_p.l(libinit2.o)
    0x0800013e   0x0800013e   0x00000000   Code   RO          258    .ARM.Collect$$libinit$$00000019  c_p.l(libinit2.o)
    0x0800013e   0x0800013e   0x00000000   Code   RO          260    .ARM.Collect$$libinit$$0000001B  c_p.l(libinit2.o)
    0x0800013e   0x0800013e   0x00000000   Code   RO          262    .ARM.Collect$$libinit$$0000001D  c_p.l(libinit2.o)
    0x0800013e   0x0800013e   0x00000000   Code   RO          264    .ARM.Collect$$libinit$$0000001F  c_p.l(libinit2.o)
    0x0800013e   0x0800013e   0x00000000   Code   RO          266    .ARM.Collect$$libinit$$00000021  c_p.l(libinit2.o)
    0x0800013e   0x0800013e   0x00000000   Code   RO          268    .ARM.Collect$$libinit$$00000023  c_p.l(libinit2.o)
    0x0800013e   0x0800013e   0x00000000   Code   RO          270    .ARM.Collect$$libinit$$00000025  c_p.l(libinit2.o)
    0x0800013e   0x0800013e   0x00000000   Code   RO          274    .ARM.Collect$$libinit$$0000002C  c_p.l(libinit2.o)
    0x0800013e   0x0800013e   0x00000000   Code   RO          276    .ARM.Collect$$libinit$$0000002E  c_p.l(libinit2.o)
    0x0800013e   0x0800013e   0x00000000   Code   RO          278    .ARM.Collect$$libinit$$00000030  c_p.l(libinit2.o)
    0x0800013e   0x0800013e   0x00000000   Code   RO          280    .ARM.Collect$$libinit$$00000032  c_p.l(libinit2.o)
    0x0800013e   0x0800013e   0x00000002   Code   RO          281    .ARM.Collect$$libinit$$00000033  c_p.l(libinit2.o)
    0x08000140   0x08000140   0x00000002   Code   RO          316    .ARM.Collect$$libshutdown$$00000000  c_p.l(libshutdown.o)
    0x08000142   0x08000142   0x00000000   Code   RO          344    .ARM.Collect$$libshutdown$$00000002  c_p.l(libshutdown2.o)
    0x08000142   0x08000142   0x00000000   Code   RO          346    .ARM.Collect$$libshutdown$$00000004  c_p.l(libshutdown2.o)
    0x08000142   0x08000142   0x00000000   Code   RO          349    .ARM.Collect$$libshutdown$$00000007  c_p.l(libshutdown2.o)
    0x08000142   0x08000142   0x00000000   Code   RO          352    .ARM.Collect$$libshutdown$$0000000A  c_p.l(libshutdown2.o)
    0x08000142   0x08000142   0x00000000   Code   RO          354    .ARM.Collect$$libshutdown$$0000000C  c_p.l(libshutdown2.o)
    0x08000142   0x08000142   0x00000000   Code   RO          357    .ARM.Collect$$libshutdown$$0000000F  c_p.l(libshutdown2.o)
    0x08000142   0x08000142   0x00000002   Code   RO          358    .ARM.Collect$$libshutdown$$00000010  c_p.l(libshutdown2.o)
    0x08000144   0x08000144   0x00000000   Code   RO          187    .ARM.Collect$$rtentry$$00000000  c_p.l(__rtentry.o)
    0x08000144   0x08000144   0x00000000   Code   RO          194    .ARM.Collect$$rtentry$$00000002  c_p.l(__rtentry2.o)
    0x08000144   0x08000144   0x00000006   Code   RO          206    .ARM.Collect$$rtentry$$00000004  c_p.l(__rtentry4.o)
    0x0800014a   0x0800014a   0x00000000   Code   RO          196    .ARM.Collect$$rtentry$$00000009  c_p.l(__rtentry2.o)
    0x0800014a   0x0800014a   0x00000004   Code   RO          197    .ARM.Collect$$rtentry$$0000000A  c_p.l(__rtentry2.o)
    0x0800014e   0x0800014e   0x00000000   Code   RO          199    .ARM.Collect$$rtentry$$0000000C  c_p.l(__rtentry2.o)
    0x0800014e   0x0800014e   0x00000008   Code   RO          200    .ARM.Collect$$rtentry$$0000000D  c_p.l(__rtentry2.o)
    0x08000156   0x08000156   0x00000002   Code   RO          229    .ARM.Collect$$rtexit$$00000000  c_p.l(rtexit.o)
    0x08000158   0x08000158   0x00000000   Code   RO          287    .ARM.Collect$$rtexit$$00000002  c_p.l(rtexit2.o)
    0x08000158   0x08000158   0x00000004   Code   RO          288    .ARM.Collect$$rtexit$$00000003  c_p.l(rtexit2.o)
    0x0800015c   0x0800015c   0x00000006   Code   RO          289    .ARM.Collect$$rtexit$$00000004  c_p.l(rtexit2.o)
    0x08000162   0x08000162   0x00000002   PAD
    0x08000164   0x08000164   0x00000038   Code   RO          143  * .text               startup_stm32f072xb.o
    0x0800019c   0x0800019c   0x00000008   Code   RO          165    .text               c_p.l(abs.o)
    0x080001a4   0x080001a4   0x0000016c   Code   RO          167    .text               c_p.l(aeabi_sdiv.o)
    0x08000310   0x08000310   0x00000006   Code   RO          171    .text               c_p.l(heapauxi.o)
    0x08000316   0x08000316   0x0000004c   Code   RO          181    .text               fz_ps.l(ffixi.o)
    0x08000362   0x08000362   0x0000005e   Code   RO          183    .text               fz_ps.l(fflti.o)
    0x080003c0   0x080003c0   0x0000003e   Code   RO          210    .text               c_p.l(sys_stackheap_outer.o)
    0x080003fe   0x080003fe   0x00000010   Code   RO          213    .text               c_p.l(exit.o)
    0x0800040e   0x0800040e   0x00000002   PAD
    0x08000410   0x08000410   0x00000008   Code   RO          225    .text               c_p.l(libspace.o)
    0x08000418   0x08000418   0x0000000c   Code   RO          282    .text               c_p.l(sys_exit.o)
    0x08000424   0x08000424   0x00000002   Code   RO          305    .text               c_p.l(use_no_semi.o)
    0x08000426   0x08000426   0x00000000   Code   RO          307    .text               c_p.l(indicate_semi.o)
    0x08000426   0x08000426   0x00000002   PAD
    0x08000428   0x08000428   0x0000001c   Code   RO          110    .text.DMA1_Channel1_IRQHandler  adc.o
    0x08000444   0x08000444   0x0000008c   Code   RO           95    .text.GeneralInit   usart.o
    0x080004d0   0x080004d0   0x00000018   Code   RO          130    .text.GyroInit      l3gd20.o
    0x080004e8   0x080004e8   0x0000004c   Code   RO          128    .text.GyroReadReg   l3gd20.o
    0x08000534   0x08000534   0x0000008c   Code   RO           14    .text.GyroUpdate    main.o
    0x080005c0   0x080005c0   0x0000004c   Code   RO          124    .text.GyroWriteReg  l3gd20.o
    0x0800060c   0x0800060c   0x00000054   Code   RO           47    .text.SPI2_IRQHandler  matrix.o
    0x08000660   0x08000660   0x00000040   Code   RO          126    .text.SendData      l3gd20.o
    0x080006a0   0x080006a0   0x00000054   Code   RO           10    .text.SysTick_Config  main.o
    0x080006f4   0x080006f4   0x0000000c   Code   RO           12    .text.SysTick_Handler  main.o
    0x08000700   0x08000700   0x000000f4   Code   RO          152    .text.SystemCoreClockUpdate  system_stm32f0xx.o
    0x080007f4   0x080007f4   0x00000002   Code   RO          150    .text.SystemInit    system_stm32f0xx.o
    0x080007f6   0x080007f6   0x00000002   PAD
    0x080007f8   0x080007f8   0x00000020   Code   RO           87    .text.UsartInitTransmiter  usart.o
    0x08000818   0x08000818   0x0000002c   Code   RO           91    .text.UsartTransmit  usart.o
    0x08000844   0x08000844   0x00000088   Code   RO           16    .text.__NVIC_SetPriority  main.o
    0x080008cc   0x080008cc   0x000000a8   Code   RO          132    .text.__SPIInit     l3gd20.o
    0x08000974   0x08000974   0x00000028   Code   RO            4    .text.init          main.o
    0x0800099c   0x0800099c   0x00000094   Code   RO            6    .text.loop          main.o
    0x08000a30   0x08000a30   0x00000014   Code   RO            2    .text.main          main.o
    0x08000a44   0x08000a44   0x0000008c   Code   RO          175    x$fpl$fadd          fz_ps.l(faddsub.o)
    0x08000ad0   0x08000ad0   0x000000b0   Code   RO          185    x$fpl$fmul          fz_ps.l(fmul.o)
    0x08000b80   0x08000b80   0x000000d0   Code   RO          177    x$fpl$fsub          fz_ps.l(faddsub.o)
    0x08000c50   0x08000c50   0x00000000   Code   RO          192    x$fpl$usenofp       fz_ps.l(usenofp.o)
    0x08000c50   0x08000c50   0x00000010   Data   RO          155    .rodata.AHBPrescTable  system_stm32f0xx.o
    0x08000c60   0x08000c60   0x00000020   Data   RO          360    Region$$Table       anon$$obj.o


    Execution Region ER_RW (Exec base: 0x20000000, Load base: 0x08000c80, Size: 0x00000008, Max: 0xffffffff, ABSOLUTE)

    Exec Addr    Load Addr    Size         Type   Attr      Idx    E Section Name        Object

    0x20000000   0x08000c80   0x00000004   Data   RW          154    .data.SystemCoreClock  system_stm32f0xx.o
    0x20000004   0x08000c84   0x00000004   Data   RW           60    .data.drawBuffer    matrix.o


    Execution Region ER_ZI (Exec base: 0x20000008, Load base: 0x08000c88, Size: 0x00000678, Max: 0xffffffff, ABSOLUTE)

    Exec Addr    Load Addr    Size         Type   Attr      Idx    E Section Name        Object

    0x20000008        -       0x00000060   Zero   RW          226    .bss                c_p.l(libspace.o)
    0x20000068        -       0x00000001   Zero   RW          115    .bss.ADC_DMA_Ready  adc.o
    0x20000069   0x08000c88   0x00000003   PAD
    0x2000006c        -       0x00000004   Zero   RW           59    .bss.SPI2_IRQHandler.curRow  matrix.o
    0x20000070        -       0x00000008   Zero   RW           62    .bss.matrixBuffer1  matrix.o
    0x20000078        -       0x00000001   Zero   RW           19    .bss.timerFlag      main.o
    0x20000079   0x08000c88   0x00000003   PAD
    0x2000007c        -       0x00000004   Zero   RW           18    .bss.zAngle         main.o
    0x20000080        -       0x00000200   Zero   RW          141    HEAP                startup_stm32f072xb.o
    0x20000280        -       0x00000400   Zero   RW          140    STACK               startup_stm32f072xb.o


==============================================================================

Image component sizes


      Code (inc. data)   RO Data    RW Data    ZI Data      Debug   Object Name

        28          8          0          0          1       3873   adc.o
       408         64          0          0          0       2207   l3gd20.o
       580         56          0          0          5       3795   main.o
        84         12          0          4         12       4808   matrix.o
        56         26        192          0       1536        664   startup_stm32f072xb.o
       246         20         16          4          0       1709   system_stm32f0xx.o
       216         56          0          0          0       2115   usart.o

    ----------------------------------------------------------------------
      1620        242        240          8       1560      19171   Object Totals
         0          0         32          0          0          0   (incl. Generated)
         2          0          0          0          6          0   (incl. Padding)

    ----------------------------------------------------------------------

      Code (inc. data)   RO Data    RW Data    ZI Data      Debug   Library Member Name

         8          0          0          0          0         68   __main.o
         0          0          0          0          0          0   __rtentry.o
        12          0          0          0          0          0   __rtentry2.o
         6          0          0          0          0          0   __rtentry4.o
        60          8          0          0          0          0   __scatter.o
        26          0          0          0          0          0   __scatter_copy.o
        28          0          0          0          0          0   __scatter_zi.o
         8          0          0          0          0         60   abs.o
       364          4          0          0          0         92   aeabi_sdiv.o
        16          0          0          0          0         68   exit.o
         6          0          0          0          0        136   heapauxi.o
         0          0          0          0          0          0   indicate_semi.o
         2          0          0          0          0          0   libinit.o
         2          0          0          0          0          0   libinit2.o
         2          0          0          0          0          0   libshutdown.o
         2          0          0          0          0          0   libshutdown2.o
         8          4          0          0         96         68   libspace.o
         2          0          0          0          0          0   rtexit.o
        10          0          0          0          0          0   rtexit2.o
        12          4          0          0          0         60   sys_exit.o
        62          0          0          0          0         80   sys_stackheap_outer.o
         2          0          0          0          0         68   use_no_semi.o
       348          8          0          0          0        160   faddsub.o
        76          0          0          0          0         68   ffixi.o
        94          0          0          0          0         92   fflti.o
       176          4          0          0          0         80   fmul.o
         0          0          0          0          0          0   usenofp.o

    ----------------------------------------------------------------------
      1340         32          0          0         96       1100   Library Totals
         8          0          0          0          0          0   (incl. Padding)

    ----------------------------------------------------------------------

      Code (inc. data)   RO Data    RW Data    ZI Data      Debug   Library Name

       638         20          0          0         96        700   c_p.l
       694         12          0          0          0        400   fz_ps.l

    ----------------------------------------------------------------------
      1340         32          0          0         96       1100   Library Totals

    ----------------------------------------------------------------------

==============================================================================


      Code (inc. data)   RO Data    RW Data    ZI Data      Debug   

      2960        274        240          8       1656      19759   Grand Totals
      2960        274        240          8       1656      19759   ELF Image Totals
      2960        274        240          8          0          0   ROM Totals

==============================================================================

    Total RO  Size (Code + RO Data)                 3200 (   3.13kB)
    Total RW  Size (RW Data + ZI Data)              1664 (   1.63kB)
    Total ROM Size (Code + RO Data + RW Data)       3208 (   3.13kB)

==============================================================================

